Archive member included to satisfy reference by file (symbol)

d:/intel_fpga/nios2eds/bin/gnu/h-x86_64-mingw32/bin/../lib/gcc/nios2-elf/10.3.1\libgcc.a(fixsfsi.o)
                              obj/default/esp8266.o (__fixsfsi)
d:/intel_fpga/nios2eds/bin/gnu/h-x86_64-mingw32/bin/../lib/gcc/nios2-elf/10.3.1/../../../../../H-x86_64-mingw32/nios2-elf/lib\libc.a(lib_a-fflush.o)
                              obj/default/esp8266.o (fflush)
d:/intel_fpga/nios2eds/bin/gnu/h-x86_64-mingw32/bin/../lib/gcc/nios2-elf/10.3.1/../../../../../H-x86_64-mingw32/nios2-elf/lib\libc.a(lib_a-fgetc.o)
                              obj/default/esp8266.o (fgetc)
d:/intel_fpga/nios2eds/bin/gnu/h-x86_64-mingw32/bin/../lib/gcc/nios2-elf/10.3.1/../../../../../H-x86_64-mingw32/nios2-elf/lib\libc.a(lib_a-fgets.o)
                              obj/default/esp8266.o (fgets)
d:/intel_fpga/nios2eds/bin/gnu/h-x86_64-mingw32/bin/../lib/gcc/nios2-elf/10.3.1/../../../../../H-x86_64-mingw32/nios2-elf/lib\libc.a(lib_a-fileno.o)
                              obj/default/esp8266.o (fileno)
d:/intel_fpga/nios2eds/bin/gnu/h-x86_64-mingw32/bin/../lib/gcc/nios2-elf/10.3.1/../../../../../H-x86_64-mingw32/nios2-elf/lib\libc.a(lib_a-findfp.o)
                              d:/intel_fpga/nios2eds/bin/gnu/h-x86_64-mingw32/bin/../lib/gcc/nios2-elf/10.3.1/../../../../../H-x86_64-mingw32/nios2-elf/lib\libc.a(lib_a-fflush.o) (__sinit)
d:/intel_fpga/nios2eds/bin/gnu/h-x86_64-mingw32/bin/../lib/gcc/nios2-elf/10.3.1/../../../../../H-x86_64-mingw32/nios2-elf/lib\libc.a(lib_a-fopen.o)
                              obj/default/esp8266.o (fopen)
d:/intel_fpga/nios2eds/bin/gnu/h-x86_64-mingw32/bin/../lib/gcc/nios2-elf/10.3.1/../../../../../H-x86_64-mingw32/nios2-elf/lib\libc.a(lib_a-fprintf.o)
                              obj/default/esp8266.o (fprintf)
d:/intel_fpga/nios2eds/bin/gnu/h-x86_64-mingw32/bin/../lib/gcc/nios2-elf/10.3.1/../../../../../H-x86_64-mingw32/nios2-elf/lib\libc.a(lib_a-freer.o)
                              d:/intel_fpga/nios2eds/bin/gnu/h-x86_64-mingw32/bin/../lib/gcc/nios2-elf/10.3.1/../../../../../H-x86_64-mingw32/nios2-elf/lib\libc.a(lib_a-fflush.o) (_free_r)
d:/intel_fpga/nios2eds/bin/gnu/h-x86_64-mingw32/bin/../lib/gcc/nios2-elf/10.3.1/../../../../../H-x86_64-mingw32/nios2-elf/lib\libc.a(lib_a-fseek.o)
                              d:/intel_fpga/nios2eds/bin/gnu/h-x86_64-mingw32/bin/../lib/gcc/nios2-elf/10.3.1/../../../../../H-x86_64-mingw32/nios2-elf/lib\libc.a(lib_a-fopen.o) (_fseek_r)
d:/intel_fpga/nios2eds/bin/gnu/h-x86_64-mingw32/bin/../lib/gcc/nios2-elf/10.3.1/../../../../../H-x86_64-mingw32/nios2-elf/lib\libc.a(lib_a-fseeko.o)
                              d:/intel_fpga/nios2eds/bin/gnu/h-x86_64-mingw32/bin/../lib/gcc/nios2-elf/10.3.1/../../../../../H-x86_64-mingw32/nios2-elf/lib\libc.a(lib_a-fseek.o) (_fseeko_r)
d:/intel_fpga/nios2eds/bin/gnu/h-x86_64-mingw32/bin/../lib/gcc/nios2-elf/10.3.1/../../../../../H-x86_64-mingw32/nios2-elf/lib\libc.a(lib_a-fstatr.o)
                              d:/intel_fpga/nios2eds/bin/gnu/h-x86_64-mingw32/bin/../lib/gcc/nios2-elf/10.3.1/../../../../../H-x86_64-mingw32/nios2-elf/lib\libc.a(lib_a-fseeko.o) (_fstat_r)
d:/intel_fpga/nios2eds/bin/gnu/h-x86_64-mingw32/bin/../lib/gcc/nios2-elf/10.3.1/../../../../../H-x86_64-mingw32/nios2-elf/lib\libc.a(lib_a-fwalk.o)
                              d:/intel_fpga/nios2eds/bin/gnu/h-x86_64-mingw32/bin/../lib/gcc/nios2-elf/10.3.1/../../../../../H-x86_64-mingw32/nios2-elf/lib\libc.a(lib_a-findfp.o) (_fwalk)
d:/intel_fpga/nios2eds/bin/gnu/h-x86_64-mingw32/bin/../lib/gcc/nios2-elf/10.3.1/../../../../../H-x86_64-mingw32/nios2-elf/lib\libc.a(lib_a-impure.o)
                              d:/intel_fpga/nios2eds/bin/gnu/h-x86_64-mingw32/bin/../lib/gcc/nios2-elf/10.3.1/../../../../../H-x86_64-mingw32/nios2-elf/lib\libc.a(lib_a-fflush.o) (_global_impure_ptr)
d:/intel_fpga/nios2eds/bin/gnu/h-x86_64-mingw32/bin/../lib/gcc/nios2-elf/10.3.1/../../../../../H-x86_64-mingw32/nios2-elf/lib\libc.a(lib_a-int_errno.o)
                              d:/intel_fpga/nios2eds/bin/gnu/h-x86_64-mingw32/bin/../lib/gcc/nios2-elf/10.3.1/../../../../../H-x86_64-mingw32/nios2-elf/lib\libc.a(lib_a-fstatr.o) (errno)
d:/intel_fpga/nios2eds/bin/gnu/h-x86_64-mingw32/bin/../lib/gcc/nios2-elf/10.3.1/../../../../../H-x86_64-mingw32/nios2-elf/lib\libc.a(lib_a-makebuf.o)
                              d:/intel_fpga/nios2eds/bin/gnu/h-x86_64-mingw32/bin/../lib/gcc/nios2-elf/10.3.1/../../../../../H-x86_64-mingw32/nios2-elf/lib\libc.a(lib_a-fseeko.o) (__smakebuf_r)
d:/intel_fpga/nios2eds/bin/gnu/h-x86_64-mingw32/bin/../lib/gcc/nios2-elf/10.3.1/../../../../../H-x86_64-mingw32/nios2-elf/lib\libc.a(lib_a-malloc.o)
                              obj/default/esp8266.o (malloc)
d:/intel_fpga/nios2eds/bin/gnu/h-x86_64-mingw32/bin/../lib/gcc/nios2-elf/10.3.1/../../../../../H-x86_64-mingw32/nios2-elf/lib\libc.a(lib_a-mallocr.o)
[...]
Memory Configuration

Name             Origin             Length             Attributes
reset            0x0000000000040000 0x0000000000000020
onchip_memory2   0x0000000000040020 0x00000000000249d0
*default*        0x0000000000000000 0xffffffffffffffff

Linker script and memory map

LOAD d:/Downloads/RFS/DE10_Nano_WiFi_Web_Server/software/ewaff_server_bsp//obj/HAL/src/crt0.o
LOAD obj/default/esp8266.o
LOAD obj/default/main.o
LOAD d:/intel_fpga/nios2eds/bin/gnu/h-x86_64-mingw32/bin/../lib/gcc/nios2-elf/10.3.1/../../../../../H-x86_64-mingw32/nios2-elf/lib\libstdc++.a
LOAD d:/intel_fpga/nios2eds/bin/gnu/h-x86_64-mingw32/bin/../lib/gcc/nios2-elf/10.3.1/../../../../../H-x86_64-mingw32/nios2-elf/lib\libm.a
LOAD d:/intel_fpga/nios2eds/bin/gnu/h-x86_64-mingw32/bin/../lib/gcc/nios2-elf/10.3.1\libgcc.a
START GROUP
LOAD d:/intel_fpga/nios2eds/bin/gnu/h-x86_64-mingw32/bin/../lib/gcc/nios2-elf/10.3.1/../../../../../H-x86_64-mingw32/nios2-elf/lib\libc.a
LOAD d:/intel_fpga/nios2eds/bin/gnu/h-x86_64-mingw32/bin/../lib/gcc/nios2-elf/10.3.1\libgcc.a
LOAD d:/Downloads/RFS/DE10_Nano_WiFi_Web_Server/software/ewaff_server_bsp/\libhal_bsp.a
LOAD d:/intel_fpga/nios2eds/bin/gnu/h-x86_64-mingw32/bin/../lib/gcc/nios2-elf/10.3.1/../../../../../H-x86_64-mingw32/nios2-elf/lib\libm.a
END GROUP
LOAD d:/intel_fpga/nios2eds/bin/gnu/h-x86_64-mingw32/bin/../lib/gcc/nios2-elf/10.3.1\libgcc.a
                0x0000000000040000                __alt_mem_onchip_memory2 = 0x40000

.entry          0x0000000000040000       0x20
 *(.entry)
 .entry         0x0000000000040000       0x20 d:/Downloads/RFS/DE10_Nano_WiFi_Web_Server/software/ewaff_server_bsp//obj/HAL/src/crt0.o
                0x0000000000040000                __reset

.exceptions     0x0000000000040020      0x218
                0x0000000000040020                PROVIDE (__ram_exceptions_start = ABSOLUTE (.))
                0x0000000000040020                . = ALIGN (0x20)
 *(.irq)
 *(.exceptions.entry.label)
 .exceptions.entry.label
                0x0000000000040020        0x0 d:/Downloads/RFS/DE10_Nano_WiFi_Web_Server/software/ewaff_server_bsp/\libhal_bsp.a(alt_irq_entry.o)
                0x0000000000040020                alt_irq_entry
 .exceptions.entry.label
                0x0000000000040020        0x0 d:/Downloads/RFS/DE10_Nano_WiFi_Web_Server/software/ewaff_server_bsp/\libhal_bsp.a(alt_exception_entry.o)
                0x0000000000040020                alt_exception
 *(.exceptions.entry.user)
 *(.exceptions.entry.ecc_fatal)
 *(.exceptions.entry)
 .exceptions.entry
                0x0000000000040020       0x54 d:/Downloads/RFS/DE10_Nano_WiFi_Web_Server/software/ewaff_server_bsp/\libhal_bsp.a(alt_exception_entry.o)
 *(.exceptions.irqtest.user)
 *(.exceptions.irqtest)
 .exceptions.irqtest
                0x0000000000040074       0x10 d:/Downloads/RFS/DE10_Nano_WiFi_Web_Server/software/ewaff_server_bsp/\libhal_bsp.a(alt_irq_entry.o)
 *(.exceptions.irqhandler.user)
 *(.exceptions.irqhandler)
 .exceptions.irqhandler
                0x0000000000040084        0x4 d:/Downloads/RFS/DE10_Nano_WiFi_Web_Server/software/ewaff_server_bsp/\libhal_bsp.a(alt_irq_entry.o)
 *(.exceptions.irqreturn.user)
 *(.exceptions.irqreturn)
 .exceptions.irqreturn
                0x0000000000040088        0x4 d:/Downloads/RFS/DE10_Nano_WiFi_Web_Server/software/ewaff_server_bsp/\libhal_bsp.a(alt_irq_entry.o)
 *(.exceptions.notirq.label)
 .exceptions.notirq.label
                0x000000000004008c        0x0 d:/Downloads/RFS/DE10_Nano_WiFi_Web_Server/software/ewaff_server_bsp/\libhal_bsp.a(alt_irq_entry.o)
 *(.exceptions.notirq.user)
 *(.exceptions.notirq)
 .exceptions.notirq
                0x000000000004008c        0x8 d:/Downloads/RFS/DE10_Nano_WiFi_Web_Server/software/ewaff_server_bsp/\libhal_bsp.a(alt_exception_entry.o)
 *(.exceptions.soft.user)
 *(.exceptions.soft)
 *(.exceptions.unknown.user)
 *(.exceptions.unknown)
 .exceptions.unknown
                0x0000000000040094       0x14 d:/Downloads/RFS/DE10_Nano_WiFi_Web_Server/software/ewaff_server_bsp/\libhal_bsp.a(alt_exception_entry.o)
 *(.exceptions.exit.label)
 .exceptions.exit.label
                0x00000000000400a8        0x0 d:/Downloads/RFS/DE10_Nano_WiFi_Web_Server/software/ewaff_server_bsp/\libhal_bsp.a(alt_irq_entry.o)
 .exceptions.exit.label
                0x00000000000400a8        0x0 d:/Downloads/RFS/DE10_Nano_WiFi_Web_Server/software/ewaff_server_bsp/\libhal_bsp.a(alt_exception_entry.o)
 *(.exceptions.exit.user)
 *(.exceptions.exit)
 .exceptions.exit
                0x00000000000400a8       0x54 d:/Downloads/RFS/DE10_Nano_WiFi_Web_Server/software/ewaff_server_bsp/\libhal_bsp.a(alt_exception_entry.o)
 *(.exceptions)
 .exceptions    0x00000000000400fc       0xc8 d:/Downloads/RFS/DE10_Nano_WiFi_Web_Server/software/ewaff_server_bsp/\libhal_bsp.a(alt_irq_handler.o)
                0x00000000000400fc                alt_irq_handler
 .exceptions    0x00000000000401c4       0x74 d:/Downloads/RFS/DE10_Nano_WiFi_Web_Server/software/ewaff_server_bsp/\libhal_bsp.a(alt_instruction_exception_entry.o)
                0x00000000000401c4                alt_instruction_exception_entry
                0x0000000000040238                PROVIDE (__ram_exceptions_end = ABSOLUTE (.))
                0x0000000000040020                PROVIDE (__flash_exceptions_start = LOADADDR (.exceptions))

.text           0x0000000000040238    0x1cb3c
                [!provide]                        PROVIDE (stext = ABSOLUTE (.))
 *(.interp)
 *(.hash)
 *(.dynsym)
 *(.dynstr)
 *(.gnu.version)
 *(.gnu.version_d)
 *(.gnu.version_r)
 *(.rel.init)
 *(.rela.init)
 *(.rel.text .rel.text.* .rel.gnu.linkonce.t.*)
 *(.rela.text .rela.text.* .rela.gnu.linkonce.t.*)
 *(.rel.fini)
 *(.rela.fini)
 *(.rel.rodata .rel.rodata.* .rel.gnu.linkonce.r.*)
 *(.rela.rodata .rela.rodata.* .rela.gnu.linkonce.r.*)
 *(.rel.data .rel.data.* .rel.gnu.linkonce.d.*)
 *(.rela.data .rela.data.* .rela.gnu.linkonce.d.*)
 *(.rel.tdata .rel.tdata.* .rel.gnu.linkonce.td.*)
 *(.rela.tdata .rela.tdata.* .rela.gnu.linkonce.td.*)
 *(.rel.tbss .rel.tbss.* .rel.gnu.linkonce.tb.*)
 *(.rela.tbss .rela.tbss.* .rela.gnu.linkonce.tb.*)
 *(.rel.ctors)
 *(.rela.ctors)
 *(.rel.dtors)
 *(.rela.dtors)
 *(.rel.got)
 *(.rela.got)
 *(.rel.sdata .rel.sdata.* .rel.gnu.linkonce.s.*)
 *(.rela.sdata .rela.sdata.* .rela.gnu.linkonce.s.*)
 *(.rel.sbss .rel.sbss.* .rel.gnu.linkonce.sb.*)
 *(.rela.sbss .rela.sbss.* .rela.gnu.linkonce.sb.*)
 *(.rel.sdata2 .rel.sdata2.* .rel.gnu.linkonce.s2.*)
 *(.rela.sdata2 .rela.sdata2.* .rela.gnu.linkonce.s2.*)
 *(.rel.sbss2 .rel.sbss2.* .rel.gnu.linkonce.sb2.*)
 *(.rela.sbss2 .rela.sbss2.* .rela.gnu.linkonce.sb2.*)
 *(.rel.bss .rel.bss.* .rel.gnu.linkonce.b.*)
 *(.rela.bss .rela.bss.* .rela.gnu.linkonce.b.*)
 *(.rel.plt)
 *(.rela.plt)
 *(.rel.dyn)
 *(.init)
 *(.plt)
 *(.text .stub .text.* .gnu.linkonce.t.*)
 .text          0x0000000000040238       0x4c d:/Downloads/RFS/DE10_Nano_WiFi_Web_Server/software/ewaff_server_bsp//obj/HAL/src/crt0.o
                0x0000000000040238                _start
 .text          0x0000000000040284     0x14a0 obj/default/esp8266.o
                0x0000000000040284                set_esp8266_file_blocking
                0x000000000004032c                esp8266_init
                0x00000000000403f4                get_line_noblock
                0x000000000004048c                esp8266_send_command
                0x00000000000405dc                esp8266_send_data
                0x00000000000406fc                esp8266_dump_rx
                0x0000000000040764                http_request_parse
                0x00000000000408f4                http_response_send
                0x0000000000040ad4                led_response
                0x0000000000040c2c                fire_response
                0x0000000000040d34                fire_react
                0x000000000004101c                esp8266_listen
 .text          0x0000000000041724       0x40 obj/default/main.o
                0x0000000000041724                main
 .text          0x0000000000041764       0x70 d:/intel_fpga/nios2eds/bin/gnu/h-x86_64-mingw32/bin/../lib/gcc/nios2-elf/10.3.1\libgcc.a(fixsfsi.o)
                0x0000000000041764                __fixsfsi
 .text          0x00000000000417d4        0x0 d:/intel_fpga/nios2eds/bin/gnu/h-x86_64-mingw32/bin/../lib/gcc/nios2-elf/10.3.1/../../../../../H-x86_64-mingw32/nios2-elf/lib\libc.a(lib_a-fflush.o)
 .text.__sflush_r
                0x00000000000417d4      0x228 d:/intel_fpga/nios2eds/bin/gnu/h-x86_64-mingw32/bin/../lib/gcc/nios2-elf/10.3.1/../../../../../H-x86_64-mingw32/nios2-elf/lib\libc.a(lib_a-fflush.o)
                0x00000000000417d4                __sflush_r
 .text._fflush_r
                0x00000000000419fc       0x60 d:/intel_fpga/nios2eds/bin/gnu/h-x86_64-mingw32/bin/../lib/gcc/nios2-elf/10.3.1/../../../../../H-x86_64-mingw32/nios2-elf/lib\libc.a(lib_a-fflush.o)
                0x00000000000419fc                _fflush_r
 .text.fflush   0x0000000000041a5c       0x84 d:/intel_fpga/nios2eds/bin/gnu/h-x86_64-mingw32/bin/../lib/gcc/nios2-elf/10.3.1/../../../../../H-x86_64-mingw32/nios2-elf/lib\libc.a(lib_a-fflush.o)
                0x0000000000041a5c                fflush
 .text          0x0000000000041ae0        0x0 d:/intel_fpga/nios2eds/bin/gnu/h-x86_64-mingw32/bin/../lib/gcc/nios2-elf/10.3.1/../../../../../H-x86_64-mingw32/nios2-elf/lib\libc.a(lib_a-fgetc.o)
 .text._fgetc_r
                0x0000000000041ae0       0x7c d:/intel_fpga/nios2eds/bin/gnu/h-x86_64-mingw32/bin/../lib/gcc/nios2-elf/10.3.1/../../../../../H-x86_64-mingw32/nios2-elf/lib\libc.a(lib_a-fgetc.o)
                0x0000000000041ae0                _fgetc_r
 .text.fgetc    0x0000000000041b5c       0x90 d:/intel_fpga/nios2eds/bin/gnu/h-x86_64-mingw32/bin/../lib/gcc/nios2-elf/10.3.1/../../../../../H-x86_64-mingw32/nios2-elf/lib\libc.a(lib_a-fgetc.o)
                0x0000000000041b5c                fgetc
 .text          0x0000000000041bec        0x0 d:/intel_fpga/nios2eds/bin/gnu/h-x86_64-mingw32/bin/../lib/gcc/nios2-elf/10.3.1/../../../../../H-x86_64-mingw32/nios2-elf/lib\libc.a(lib_a-fgets.o)
 .text._fgets_r
                0x0000000000041bec      0x154 d:/intel_fpga/nios2eds/bin/gnu/h-x86_64-mingw32/bin/../lib/gcc/nios2-elf/10.3.1/../../../../../H-x86_64-mingw32/nios2-elf/lib\libc.a(lib_a-fgets.o)
                0x0000000000041bec                _fgets_r
 .text.fgets    0x0000000000041d40       0x1c d:/intel_fpga/nios2eds/bin/gnu/h-x86_64-mingw32/bin/../lib/gcc/nios2-elf/10.3.1/../../../../../H-x86_64-mingw32/nios2-elf/lib\libc.a(lib_a-fgets.o)
                0x0000000000041d40                fgets
 .text          0x0000000000041d5c        0x0 d:/intel_fpga/nios2eds/bin/gnu/h-x86_64-mingw32/bin/../lib/gcc/nios2-elf/10.3.1/../../../../../H-x86_64-mingw32/nios2-elf/lib\libc.a(lib_a-fileno.o)
 .text.fileno   0x0000000000041d5c       0x64 d:/intel_fpga/nios2eds/bin/gnu/h-x86_64-mingw32/bin/../lib/gcc/nios2-elf/10.3.1/../../../../../H-x86_64-mingw32/nios2-elf/lib\libc.a(lib_a-fileno.o)
                0x0000000000041d5c                fileno
 .text          0x0000000000041dc0        0x0 d:/intel_fpga/nios2eds/bin/gnu/h-x86_64-mingw32/bin/../lib/gcc/nios2-elf/10.3.1/../../../../../H-x86_64-mingw32/nios2-elf/lib\libc.a(lib_a-findfp.o)
 .text.__fp_lock
                0x0000000000041dc0        0x8 d:/intel_fpga/nios2eds/bin/gnu/h-x86_64-mingw32/bin/../lib/gcc/nios2-elf/10.3.1/../../../../../H-x86_64-mingw32/nios2-elf/lib\libc.a(lib_a-findfp.o)
 .text._cleanup_r
                0x0000000000041dc8        0xc d:/intel_fpga/nios2eds/bin/gnu/h-x86_64-mingw32/bin/../lib/gcc/nios2-elf/10.3.1/../../../../../H-x86_64-mingw32/nios2-elf/lib\libc.a(lib_a-findfp.o)
                0x0000000000041dc8                _cleanup_r
 .text.__fp_unlock
                0x0000000000041dd4        0x8 d:/intel_fpga/nios2eds/bin/gnu/h-x86_64-mingw32/bin/../lib/gcc/nios2-elf/10.3.1/../../../../../H-x86_64-mingw32/nios2-elf/lib\libc.a(lib_a-findfp.o)
 .text.__sinit.part.0
                0x0000000000041ddc      0x168 d:/intel_fpga/nios2eds/bin/gnu/h-x86_64-mingw32/bin/../lib/gcc/nios2-elf/10.3.1/../../../../../H-x86_64-mingw32/nios2-elf/lib\libc.a(lib_a-findfp.o)
 .text.__sfmoreglue
                0x0000000000041f44       0x68 d:/intel_fpga/nios2eds/bin/gnu/h-x86_64-mingw32/bin/../lib/gcc/nios2-elf/10.3.1/../../../../../H-x86_64-mingw32/nios2-elf/lib\libc.a(lib_a-findfp.o)
                0x0000000000041f44                __sfmoreglue
 .text.__sfp    0x0000000000041fac      0x154 d:/intel_fpga/nios2eds/bin/gnu/h-x86_64-mingw32/bin/../lib/gcc/nios2-elf/10.3.1/../../../../../H-x86_64-mingw32/nios2-elf/lib\libc.a(lib_a-findfp.o)
                0x0000000000041fac                __sfp
 .text._cleanup
                0x0000000000042100       0x14 d:/intel_fpga/nios2eds/bin/gnu/h-x86_64-mingw32/bin/../lib/gcc/nios2-elf/10.3.1/../../../../../H-x86_64-mingw32/nios2-elf/lib\libc.a(lib_a-findfp.o)
                0x0000000000042100                _cleanup
 .text.__sinit  0x0000000000042114       0x10 d:/intel_fpga/nios2eds/bin/gnu/h-x86_64-mingw32/bin/../lib/gcc/nios2-elf/10.3.1/../../../../../H-x86_64-mingw32/nios2-elf/lib\libc.a(lib_a-findfp.o)
                0x0000000000042114                __sinit
 .text.__sfp_lock_acquire
                0x0000000000042124        0x4 d:/intel_fpga/nios2eds/bin/gnu/h-x86_64-mingw32/bin/../lib/gcc/nios2-elf/10.3.1/../../../../../H-x86_64-mingw32/nios2-elf/lib\libc.a(lib_a-findfp.o)
                0x0000000000042124                __sfp_lock_acquire
 .text.__sfp_lock_release
                0x0000000000042128        0x4 d:/intel_fpga/nios2eds/bin/gnu/h-x86_64-mingw32/bin/../lib/gcc/nios2-elf/10.3.1/../../../../../H-x86_64-mingw32/nios2-elf/lib\libc.a(lib_a-findfp.o)
                0x0000000000042128                __sfp_lock_release
 .text.__sinit_lock_acquire
                0x000000000004212c        0x4 d:/intel_fpga/nios2eds/bin/gnu/h-x86_64-mingw32/bin/../lib/gcc/nios2-elf/10.3.1/../../../../../H-x86_64-mingw32/nios2-elf/lib\libc.a(lib_a-findfp.o)
                0x000000000004212c                __sinit_lock_acquire
 .text.__sinit_lock_release
                0x0000000000042130        0x4 d:/intel_fpga/nios2eds/bin/gnu/h-x86_64-mingw32/bin/../lib/gcc/nios2-elf/10.3.1/../../../../../H-x86_64-mingw32/nios2-elf/lib\libc.a(lib_a-findfp.o)
                0x0000000000042130                __sinit_lock_release
 .text.__fp_lock_all
                0x0000000000042134       0x14 d:/intel_fpga/nios2eds/bin/gnu/h-x86_64-mingw32/bin/../lib/gcc/nios2-elf/10.3.1/../../../../../H-x86_64-mingw32/nios2-elf/lib\libc.a(lib_a-findfp.o)
                0x0000000000042134                __fp_lock_all
 .text.__fp_unlock_all
                0x0000000000042148       0x14 d:/intel_fpga/nios2eds/bin/gnu/h-x86_64-mingw32/bin/../lib/gcc/nios2-elf/10.3.1/../../../../../H-x86_64-mingw32/nios2-elf/lib\libc.a(lib_a-findfp.o)
                0x0000000000042148                __fp_unlock_all
 .text          0x000000000004215c        0x0 d:/intel_fpga/nios2eds/bin/gnu/h-x86_64-mingw32/bin/../lib/gcc/nios2-elf/10.3.1/../../../../../H-x86_64-mingw32/nios2-elf/lib\libc.a(lib_a-fopen.o)
 .text._fopen_r
                0x000000000004215c       0xf0 d:/intel_fpga/nios2eds/bin/gnu/h-x86_64-mingw32/bin/../lib/gcc/nios2-elf/10.3.1/../../../../../H-x86_64-mingw32/nios2-elf/lib\libc.a(lib_a-fopen.o)
                0x000000000004215c                _fopen_r
 .text.fopen    0x000000000004224c       0x18 d:/intel_fpga/nios2eds/bin/gnu/h-x86_64-mingw32/bin/../lib/gcc/nios2-elf/10.3.1/../../../../../H-x86_64-mingw32/nios2-elf/lib\libc.a(lib_a-fopen.o)
                0x000000000004224c                fopen
 .text          0x0000000000042264        0x0 d:/intel_fpga/nios2eds/bin/gnu/h-x86_64-mingw32/bin/../lib/gcc/nios2-elf/10.3.1/../../../../../H-x86_64-mingw32/nios2-elf/lib\libc.a(lib_a-fprintf.o)
 .text._fprintf_r
                0x0000000000042264       0x28 d:/intel_fpga/nios2eds/bin/gnu/h-x86_64-mingw32/bin/../lib/gcc/nios2-elf/10.3.1/../../../../../H-x86_64-mingw32/nios2-elf/lib\libc.a(lib_a-fprintf.o)
                0x0000000000042264                _fprintf_r
 .text.fprintf  0x000000000004228c       0x24 d:/intel_fpga/nios2eds/bin/gnu/h-x86_64-mingw32/bin/../lib/gcc/nios2-elf/10.3.1/../../../../../H-x86_64-mingw32/nios2-elf/lib\libc.a(lib_a-fprintf.o)
                0x000000000004228c                fprintf
 .text          0x00000000000422b0        0x0 d:/intel_fpga/nios2eds/bin/gnu/h-x86_64-mingw32/bin/../lib/gcc/nios2-elf/10.3.1/../../../../../H-x86_64-mingw32/nios2-elf/lib\libc.a(lib_a-freer.o)
 .text._malloc_trim_r
                0x00000000000422b0      0x11c d:/intel_fpga/nios2eds/bin/gnu/h-x86_64-mingw32/bin/../lib/gcc/nios2-elf/10.3.1/../../../../../H-x86_64-mingw32/nios2-elf/lib\libc.a(lib_a-freer.o)
                0x00000000000422b0                _malloc_trim_r
 .text._free_r  0x00000000000423cc      0x2fc d:/intel_fpga/nios2eds/bin/gnu/h-x86_64-mingw32/bin/../lib/gcc/nios2-elf/10.3.1/../../../../../H-x86_64-mingw32/nios2-elf/lib\libc.a(lib_a-freer.o)
                0x00000000000423cc                _free_r
 .text          0x00000000000426c8        0x0 d:/intel_fpga/nios2eds/bin/gnu/h-x86_64-mingw32/bin/../lib/gcc/nios2-elf/10.3.1/../../../../../H-x86_64-mingw32/nios2-elf/lib\libc.a(lib_a-fseek.o)
 .text._fseek_r
                0x00000000000426c8        0x4 d:/intel_fpga/nios2eds/bin/gnu/h-x86_64-mingw32/bin/../lib/gcc/nios2-elf/10.3.1/../../../../../H-x86_64-mingw32/nios2-elf/lib\libc.a(lib_a-fseek.o)
                0x00000000000426c8                _fseek_r
 .text.fseek    0x00000000000426cc       0x1c d:/intel_fpga/nios2eds/bin/gnu/h-x86_64-mingw32/bin/../lib/gcc/nios2-elf/10.3.1/../../../../../H-x86_64-mingw32/nios2-elf/lib\libc.a(lib_a-fseek.o)
                0x00000000000426cc                fseek
 .text          0x00000000000426e8        0x0 d:/intel_fpga/nios2eds/bin/gnu/h-x86_64-mingw32/bin/../lib/gcc/nios2-elf/10.3.1/../../../../../H-x86_64-mingw32/nios2-elf/lib\libc.a(lib_a-fseeko.o)
 .text._fseeko_r
                0x00000000000426e8      0x454 d:/intel_fpga/nios2eds/bin/gnu/h-x86_64-mingw32/bin/../lib/gcc/nios2-elf/10.3.1/../../../../../H-x86_64-mingw32/nios2-elf/lib\libc.a(lib_a-fseeko.o)
                0x00000000000426e8                _fseeko_r
 .text.fseeko   0x0000000000042b3c       0x1c d:/intel_fpga/nios2eds/bin/gnu/h-x86_64-mingw32/bin/../lib/gcc/nios2-elf/10.3.1/../../../../../H-x86_64-mingw32/nios2-elf/lib\libc.a(lib_a-fseeko.o)
                0x0000000000042b3c                fseeko
 .text          0x0000000000042b58        0x0 d:/intel_fpga/nios2eds/bin/gnu/h-x86_64-mingw32/bin/../lib/gcc/nios2-elf/10.3.1/../../../../../H-x86_64-mingw32/nios2-elf/lib\libc.a(lib_a-fstatr.o)
 .text._fstat_r
                0x0000000000042b58       0x60 d:/intel_fpga/nios2eds/bin/gnu/h-x86_64-mingw32/bin/../lib/gcc/nios2-elf/10.3.1/../../../../../H-x86_64-mingw32/nios2-elf/lib\libc.a(lib_a-fstatr.o)
                0x0000000000042b58                _fstat_r
 .text          0x0000000000042bb8        0x0 d:/intel_fpga/nios2eds/bin/gnu/h-x86_64-mingw32/bin/../lib/gcc/nios2-elf/10.3.1/../../../../../H-x86_64-mingw32/nios2-elf/lib\libc.a(lib_a-fwalk.o)
 .text._fwalk   0x0000000000042bb8       0x98 d:/intel_fpga/nios2eds/bin/gnu/h-x86_64-mingw32/bin/../lib/gcc/nios2-elf/10.3.1/../../../../../H-x86_64-mingw32/nios2-elf/lib\libc.a(lib_a-fwalk.o)
                0x0000000000042bb8                _fwalk
 .text._fwalk_reent
                0x0000000000042c50       0xa8 d:/intel_fpga/nios2eds/bin/gnu/h-x86_64-mingw32/bin/../lib/gcc/nios2-elf/10.3.1/../../../../../H-x86_64-mingw32/nios2-elf/lib\libc.a(lib_a-fwalk.o)
                0x0000000000042c50                _fwalk_reent
 .text          0x0000000000042cf8        0x0 d:/intel_fpga/nios2eds/bin/gnu/h-x86_64-mingw32/bin/../lib/gcc/nios2-elf/10.3.1/../../../../../H-x86_64-mingw32/nios2-elf/lib\libc.a(lib_a-impure.o)
 .text          0x0000000000042cf8        0x0 d:/intel_fpga/nios2eds/bin/gnu/h-x86_64-mingw32/bin/../lib/gcc/nios2-elf/10.3.1/../../../../../H-x86_64-mingw32/nios2-elf/lib\libc.a(lib_a-int_errno.o)
 .text          0x0000000000042cf8        0x0 d:/intel_fpga/nios2eds/bin/gnu/h-x86_64-mingw32/bin/../lib/gcc/nios2-elf/10.3.1/../../../../../H-x86_64-mingw32/nios2-elf/lib\libc.a(lib_a-makebuf.o)
 .text.__smakebuf_r
                0x0000000000042cf8      0x1b0 d:/intel_fpga/nios2eds/bin/gnu/h-x86_64-mingw32/bin/../lib/gcc/nios2-elf/10.3.1/../../../../../H-x86_64-mingw32/nios2-elf/lib\libc.a(lib_a-makebuf.o)
                0x0000000000042cf8                __smakebuf_r
 .text.__swhatbuf_r
                0x0000000000042ea8       0x98 d:/intel_fpga/nios2eds/bin/gnu/h-x86_64-mingw32/bin/../lib/gcc/nios2-elf/10.3.1/../../../../../H-x86_64-mingw32/nios2-elf/lib\libc.a(lib_a-makebuf.o)
                0x0000000000042ea8                __swhatbuf_r
 .text          0x0000000000042f40        0x0 d:/intel_fpga/nios2eds/bin/gnu/h-x86_64-mingw32/bin/../lib/gcc/nios2-elf/10.3.1/../../../../../H-x86_64-mingw32/nios2-elf/lib\libc.a(lib_a-malloc.o)
 .text.malloc   0x0000000000042f40       0x10 d:/intel_fpga/nios2eds/bin/gnu/h-x86_64-mingw32/bin/../lib/gcc/nios2-elf/10.3.1/../../../../../H-x86_64-mingw32/nios2-elf/lib\libc.a(lib_a-malloc.o)
                0x0000000000042f40                malloc
 .text.free     0x0000000000042f50       0x10 d:/intel_fpga/nios2eds/bin/gnu/h-x86_64-mingw32/bin/../lib/gcc/nios2-elf/10.3.1/../../../../../H-x86_64-mingw32/nios2-elf/lib\libc.a(lib_a-malloc.o)
                0x0000000000042f50                free
 .text          0x0000000000042f60        0x0 d:/intel_fpga/nios2eds/bin/gnu/h-x86_64-mingw32/bin/../lib/gcc/nios2-elf/10.3.1/../../../../../H-x86_64-mingw32/nios2-elf/lib\libc.a(lib_a-mallocr.o)
 .text._malloc_r
                0x0000000000042f60      0x7e0 d:/intel_fpga/nios2eds/bin/gnu/h-x86_64-mingw32/bin/../lib/gcc/nios2-elf/10.3.1/../../../../../H-x86_64-mingw32/nios2-elf/lib\libc.a(lib_a-mallocr.o)
                0x0000000000042f60                _malloc_r
 .text          0x0000000000043740        0x0 d:/intel_fpga/nios2eds/bin/gnu/h-x86_64-mingw32/bin/../lib/gcc/nios2-elf/10.3.1/../../../../../H-x86_64-mingw32/nios2-elf/lib\libc.a(lib_a-memchr.o)
 .text.memchr   0x0000000000043740       0xd0 d:/intel_fpga/nios2eds/bin/gnu/h-x86_64-mingw32/bin/../lib/gcc/nios2-elf/10.3.1/../../../../../H-x86_64-mingw32/nios2-elf/lib\libc.a(lib_a-memchr.o)
                0x0000000000043740                memchr
 .text          0x0000000000043810        0x0 d:/intel_fpga/nios2eds/bin/gnu/h-x86_64-mingw32/bin/../lib/gcc/nios2-elf/10.3.1/../../../../../H-x86_64-mingw32/nios2-elf/lib\libc.a(lib_a-memcpy.o)
 .text.memcpy   0x0000000000043810      0x100 d:/intel_fpga/nios2eds/bin/gnu/h-x86_64-mingw32/bin/../lib/gcc/nios2-elf/10.3.1/../../../../../H-x86_64-mingw32/nios2-elf/lib\libc.a(lib_a-memcpy.o)
                0x0000000000043810                memcpy
 .text          0x0000000000043910        0x0 d:/intel_fpga/nios2eds/bin/gnu/h-x86_64-mingw32/bin/../lib/gcc/nios2-elf/10.3.1/../../../../../H-x86_64-mingw32/nios2-elf/lib\libc.a(lib_a-memset.o)
 .text.memset   0x0000000000043910       0xf0 d:/intel_fpga/nios2eds/bin/gnu/h-x86_64-mingw32/bin/../lib/gcc/nios2-elf/10.3.1/../../../../../H-x86_64-mingw32/nios2-elf/lib\libc.a(lib_a-memset.o)
                0x0000000000043910                memset
 .text          0x0000000000043a00        0x0 d:/intel_fpga/nios2eds/bin/gnu/h-x86_64-mingw32/bin/../lib/gcc/nios2-elf/10.3.1/../../../../../H-x86_64-mingw32/nios2-elf/lib\libc.a(lib_a-openr.o)
 .text._open_r  0x0000000000043a00       0x64 d:/intel_fpga/nios2eds/bin/gnu/h-x86_64-mingw32/bin/../lib/gcc/nios2-elf/10.3.1/../../../../../H-x86_64-mingw32/nios2-elf/lib\libc.a(lib_a-openr.o)
                0x0000000000043a00                _open_r
 .text          0x0000000000043a64        0x0 d:/intel_fpga/nios2eds/bin/gnu/h-x86_64-mingw32/bin/../lib/gcc/nios2-elf/10.3.1/../../../../../H-x86_64-mingw32/nios2-elf/lib\libc.a(lib_a-printf.o)
 .text._printf_r
                0x0000000000043a64       0x30 d:/intel_fpga/nios2eds/bin/gnu/h-x86_64-mingw32/bin/../lib/gcc/nios2-elf/10.3.1/../../../../../H-x86_64-mingw32/nios2-elf/lib\libc.a(lib_a-printf.o)
                0x0000000000043a64                _printf_r
 .text.printf   0x0000000000043a94       0x38 d:/intel_fpga/nios2eds/bin/gnu/h-x86_64-mingw32/bin/../lib/gcc/nios2-elf/10.3.1/../../../../../H-x86_64-mingw32/nios2-elf/lib\libc.a(lib_a-printf.o)
                0x0000000000043a94                printf
 .text          0x0000000000043acc        0x0 d:/intel_fpga/nios2eds/bin/gnu/h-x86_64-mingw32/bin/../lib/gcc/nios2-elf/10.3.1/../../../../../H-x86_64-mingw32/nios2-elf/lib\libc.a(lib_a-puts.o)
 .text._puts_r  0x0000000000043acc       0xcc d:/intel_fpga/nios2eds/bin/gnu/h-x86_64-mingw32/bin/../lib/gcc/nios2-elf/10.3.1/../../../../../H-x86_64-mingw32/nios2-elf/lib\libc.a(lib_a-puts.o)
                0x0000000000043acc                _puts_r
 .text.puts     0x0000000000043b98       0x10 d:/intel_fpga/nios2eds/bin/gnu/h-x86_64-mingw32/bin/../lib/gcc/nios2-elf/10.3.1/../../../../../H-x86_64-mingw32/nios2-elf/lib\libc.a(lib_a-puts.o)
                0x0000000000043b98                puts
 .text          0x0000000000043ba8        0x0 d:/intel_fpga/nios2eds/bin/gnu/h-x86_64-mingw32/bin/../lib/gcc/nios2-elf/10.3.1/../../../../../H-x86_64-mingw32/nios2-elf/lib\libc.a(lib_a-refill.o)
 .text.lflush   0x0000000000043ba8       0x1c d:/intel_fpga/nios2eds/bin/gnu/h-x86_64-mingw32/bin/../lib/gcc/nios2-elf/10.3.1/../../../../../H-x86_64-mingw32/nios2-elf/lib\libc.a(lib_a-refill.o)
 .text.__srefill_r
                0x0000000000043bc4      0x1cc d:/intel_fpga/nios2eds/bin/gnu/h-x86_64-mingw32/bin/../lib/gcc/nios2-elf/10.3.1/../../../../../H-x86_64-mingw32/nios2-elf/lib\libc.a(lib_a-refill.o)
                0x0000000000043bc4                __srefill_r
 .text          0x0000000000043d90        0x0 d:/intel_fpga/nios2eds/bin/gnu/h-x86_64-mingw32/bin/../lib/gcc/nios2-elf/10.3.1/../../../../../H-x86_64-mingw32/nios2-elf/lib\libc.a(lib_a-rget.o)
 .text.__srget_r
                0x0000000000043d90       0x74 d:/intel_fpga/nios2eds/bin/gnu/h-x86_64-mingw32/bin/../lib/gcc/nios2-elf/10.3.1/../../../../../H-x86_64-mingw32/nios2-elf/lib\libc.a(lib_a-rget.o)
                0x0000000000043d90                __srget_r
 .text.__srget  0x0000000000043e04       0x7c d:/intel_fpga/nios2eds/bin/gnu/h-x86_64-mingw32/bin/../lib/gcc/nios2-elf/10.3.1/../../../../../H-x86_64-mingw32/nios2-elf/lib\libc.a(lib_a-rget.o)
                0x0000000000043e04                __srget
 .text          0x0000000000043e80        0x0 d:/intel_fpga/nios2eds/bin/gnu/h-x86_64-mingw32/bin/../lib/gcc/nios2-elf/10.3.1/../../../../../H-x86_64-mingw32/nios2-elf/lib\libc.a(lib_a-sbrkr.o)
 .text._sbrk_r  0x0000000000043e80       0x58 d:/intel_fpga/nios2eds/bin/gnu/h-x86_64-mingw32/bin/../lib/gcc/nios2-elf/10.3.1/../../../../../H-x86_64-mingw32/nios2-elf/lib\libc.a(lib_a-sbrkr.o)
                0x0000000000043e80                _sbrk_r
 .text          0x0000000000043ed8        0x0 d:/intel_fpga/nios2eds/bin/gnu/h-x86_64-mingw32/bin/../lib/gcc/nios2-elf/10.3.1/../../../../../H-x86_64-mingw32/nios2-elf/lib\libc.a(lib_a-sprintf.o)
 .text._sprintf_r
                0x0000000000043ed8       0x54 d:/intel_fpga/nios2eds/bin/gnu/h-x86_64-mingw32/bin/../lib/gcc/nios2-elf/10.3.1/../../../../../H-x86_64-mingw32/nios2-elf/lib\libc.a(lib_a-sprintf.o)
                0x0000000000043ed8                _sprintf_r
 .text.sprintf  0x0000000000043f2c       0x64 d:/intel_fpga/nios2eds/bin/gnu/h-x86_64-mingw32/bin/../lib/gcc/nios2-elf/10.3.1/../../../../../H-x86_64-mingw32/nios2-elf/lib\libc.a(lib_a-sprintf.o)
                0x0000000000043f2c                sprintf
 .text          0x0000000000043f90        0x0 d:/intel_fpga/nios2eds/bin/gnu/h-x86_64-mingw32/bin/../lib/gcc/nios2-elf/10.3.1/../../../../../H-x86_64-mingw32/nios2-elf/lib\libc.a(lib_a-sscanf.o)
 .text.sscanf   0x0000000000043f90       0x78 d:/intel_fpga/nios2eds/bin/gnu/h-x86_64-mingw32/bin/../lib/gcc/nios2-elf/10.3.1/../../../../../H-x86_64-mingw32/nios2-elf/lib\libc.a(lib_a-sscanf.o)
                0x0000000000043f90                sscanf
 .text._sscanf_r
                0x0000000000044008       0x80 d:/intel_fpga/nios2eds/bin/gnu/h-x86_64-mingw32/bin/../lib/gcc/nios2-elf/10.3.1/../../../../../H-x86_64-mingw32/nios2-elf/lib\libc.a(lib_a-sscanf.o)
                0x0000000000044008                _sscanf_r
 .text          0x0000000000044088        0x0 d:/intel_fpga/nios2eds/bin/gnu/h-x86_64-mingw32/bin/../lib/gcc/nios2-elf/10.3.1/../../../../../H-x86_64-mingw32/nios2-elf/lib\libc.a(lib_a-stdio.o)
 .text.__sread  0x0000000000044088       0x54 d:/intel_fpga/nios2eds/bin/gnu/h-x86_64-mingw32/bin/../lib/gcc/nios2-elf/10.3.1/../../../../../H-x86_64-mingw32/nios2-elf/lib\libc.a(lib_a-stdio.o)
                0x0000000000044088                __sread
 .text.__seofread
                0x00000000000440dc        0x8 d:/intel_fpga/nios2eds/bin/gnu/h-x86_64-mingw32/bin/../lib/gcc/nios2-elf/10.3.1/../../../../../H-x86_64-mingw32/nios2-elf/lib\libc.a(lib_a-stdio.o)
                0x00000000000440dc                __seofread
 .text.__swrite
                0x00000000000440e4       0x80 d:/intel_fpga/nios2eds/bin/gnu/h-x86_64-mingw32/bin/../lib/gcc/nios2-elf/10.3.1/../../../../../H-x86_64-mingw32/nios2-elf/lib\libc.a(lib_a-stdio.o)
                0x00000000000440e4                __swrite
 .text.__sseek  0x0000000000044164       0x5c d:/intel_fpga/nios2eds/bin/gnu/h-x86_64-mingw32/bin/../lib/gcc/nios2-elf/10.3.1/../../../../../H-x86_64-mingw32/nios2-elf/lib\libc.a(lib_a-stdio.o)
                0x0000000000044164                __sseek
 .text.__sclose
                0x00000000000441c0        0x8 d:/intel_fpga/nios2eds/bin/gnu/h-x86_64-mingw32/bin/../lib/gcc/nios2-elf/10.3.1/../../../../../H-x86_64-mingw32/nios2-elf/lib\libc.a(lib_a-stdio.o)
                0x00000000000441c0                __sclose
 .text          0x00000000000441c8        0x0 d:/intel_fpga/nios2eds/bin/gnu/h-x86_64-mingw32/bin/../lib/gcc/nios2-elf/10.3.1/../../../../../H-x86_64-mingw32/nios2-elf/lib\libc.a(lib_a-strcat.o)
 .text.strcat   0x00000000000441c8       0x8c d:/intel_fpga/nios2eds/bin/gnu/h-x86_64-mingw32/bin/../lib/gcc/nios2-elf/10.3.1/../../../../../H-x86_64-mingw32/nios2-elf/lib\libc.a(lib_a-strcat.o)
                0x00000000000441c8                strcat
 .text          0x0000000000044254        0x0 d:/intel_fpga/nios2eds/bin/gnu/h-x86_64-mingw32/bin/../lib/gcc/nios2-elf/10.3.1/../../../../../H-x86_64-mingw32/nios2-elf/lib\libc.a(lib_a-strchr.o)
 .text.strchr   0x0000000000044254      0x15c d:/intel_fpga/nios2eds/bin/gnu/h-x86_64-mingw32/bin/../lib/gcc/nios2-elf/10.3.1/../../../../../H-x86_64-mingw32/nios2-elf/lib\libc.a(lib_a-strchr.o)
                0x0000000000044254                strchr
 .text          0x00000000000443b0        0x0 d:/intel_fpga/nios2eds/bin/gnu/h-x86_64-mingw32/bin/../lib/gcc/nios2-elf/10.3.1/../../../../../H-x86_64-mingw32/nios2-elf/lib\libc.a(lib_a-strcmp.o)
 .text.strcmp   0x00000000000443b0       0xb8 d:/intel_fpga/nios2eds/bin/gnu/h-x86_64-mingw32/bin/../lib/gcc/nios2-elf/10.3.1/../../../../../H-x86_64-mingw32/nios2-elf/lib\libc.a(lib_a-strcmp.o)
                0x00000000000443b0                strcmp
 .text          0x0000000000044468        0x0 d:/intel_fpga/nios2eds/bin/gnu/h-x86_64-mingw32/bin/../lib/gcc/nios2-elf/10.3.1/../../../../../H-x86_64-mingw32/nios2-elf/lib\libc.a(lib_a-strcpy.o)
 .text.strcpy   0x0000000000044468       0x8c d:/intel_fpga/nios2eds/bin/gnu/h-x86_64-mingw32/bin/../lib/gcc/nios2-elf/10.3.1/../../../../../H-x86_64-mingw32/nios2-elf/lib\libc.a(lib_a-strcpy.o)
                0x0000000000044468                strcpy
 .text          0x00000000000444f4        0x0 d:/intel_fpga/nios2eds/bin/gnu/h-x86_64-mingw32/bin/../lib/gcc/nios2-elf/10.3.1/../../../../../H-x86_64-mingw32/nios2-elf/lib\libc.a(lib_a-strlen.o)
 .text.strlen   0x00000000000444f4       0x98 d:/intel_fpga/nios2eds/bin/gnu/h-x86_64-mingw32/bin/../lib/gcc/nios2-elf/10.3.1/../../../../../H-x86_64-mingw32/nios2-elf/lib\libc.a(lib_a-strlen.o)
                0x00000000000444f4                strlen
 .text          0x000000000004458c        0x0 d:/intel_fpga/nios2eds/bin/gnu/h-x86_64-mingw32/bin/../lib/gcc/nios2-elf/10.3.1/../../../../../H-x86_64-mingw32/nios2-elf/lib\libc.a(lib_a-strstr.o)
 .text.two_way_long_needle
                0x000000000004458c      0x3f8 d:/intel_fpga/nios2eds/bin/gnu/h-x86_64-mingw32/bin/../lib/gcc/nios2-elf/10.3.1/../../../../../H-x86_64-mingw32/nios2-elf/lib\libc.a(lib_a-strstr.o)
 .text.strstr   0x0000000000044984      0x27c d:/intel_fpga/nios2eds/bin/gnu/h-x86_64-mingw32/bin/../lib/gcc/nios2-elf/10.3.1/../../../../../H-x86_64-mingw32/nios2-elf/lib\libc.a(lib_a-strstr.o)
                0x0000000000044984                strstr
 .text          0x0000000000044c00        0x0 d:/intel_fpga/nios2eds/bin/gnu/h-x86_64-mingw32/bin/../lib/gcc/nios2-elf/10.3.1/../../../../../H-x86_64-mingw32/nios2-elf/lib\libc.a(lib_a-svfprintf.o)
 .text.___svfprintf_internal_r
                0x0000000000044c00     0x1f90 d:/intel_fpga/nios2eds/bin/gnu/h-x86_64-mingw32/bin/../lib/gcc/nios2-elf/10.3.1/../../../../../H-x86_64-mingw32/nios2-elf/lib\libc.a(lib_a-svfprintf.o)
                0x0000000000044c00                ___svfprintf_internal_r
 .text          0x0000000000046b90        0x0 d:/intel_fpga/nios2eds/bin/gnu/h-x86_64-mingw32/bin/../lib/gcc/nios2-elf/10.3.1/../../../../../H-x86_64-mingw32/nios2-elf/lib\libc.a(lib_a-svfscanf.o)
 .text.__ssvfscanf_r
                0x0000000000046b90     0x18d0 d:/intel_fpga/nios2eds/bin/gnu/h-x86_64-mingw32/bin/../lib/gcc/nios2-elf/10.3.1/../../../../../H-x86_64-mingw32/nios2-elf/lib\libc.a(lib_a-svfscanf.o)
                0x0000000000046b90                __ssvfscanf_r
 .text          0x0000000000048460        0x0 d:/intel_fpga/nios2eds/bin/gnu/h-x86_64-mingw32/bin/../lib/gcc/nios2-elf/10.3.1/../../../../../H-x86_64-mingw32/nios2-elf/lib\libc.a(lib_a-vfprintf.o)
 .text.___vfprintf_internal_r
                0x0000000000048460     0x2008 d:/intel_fpga/nios2eds/bin/gnu/h-x86_64-mingw32/bin/../lib/gcc/nios2-elf/10.3.1/../../../../../H-x86_64-mingw32/nios2-elf/lib\libc.a(lib_a-vfprintf.o)
                0x0000000000048460                ___vfprintf_internal_r
 .text.__vfprintf_internal
                0x000000000004a468       0x1c d:/intel_fpga/nios2eds/bin/gnu/h-x86_64-mingw32/bin/../lib/gcc/nios2-elf/10.3.1/../../../../../H-x86_64-mingw32/nios2-elf/lib\libc.a(lib_a-vfprintf.o)
                0x000000000004a468                __vfprintf_internal
 .text.__sbprintf
                0x000000000004a484       0xc0 d:/intel_fpga/nios2eds/bin/gnu/h-x86_64-mingw32/bin/../lib/gcc/nios2-elf/10.3.1/../../../../../H-x86_64-mingw32/nios2-elf/lib\libc.a(lib_a-vfprintf.o)
 .text          0x000000000004a544        0x0 d:/intel_fpga/nios2eds/bin/gnu/h-x86_64-mingw32/bin/../lib/gcc/nios2-elf/10.3.1/../../../../../H-x86_64-mingw32/nios2-elf/lib\libc.a(lib_a-writer.o)
 .text._write_r
                0x000000000004a544       0x64 d:/intel_fpga/nios2eds/bin/gnu/h-x86_64-mingw32/bin/../lib/gcc/nios2-elf/10.3.1/../../../../../H-x86_64-mingw32/nios2-elf/lib\libc.a(lib_a-writer.o)
                0x000000000004a544                _write_r
 .text          0x000000000004a5a8        0x0 d:/intel_fpga/nios2eds/bin/gnu/h-x86_64-mingw32/bin/../lib/gcc/nios2-elf/10.3.1/../../../../../H-x86_64-mingw32/nios2-elf/lib\libc.a(lib_a-wsetup.o)
 .text.__swsetup_r
                0x000000000004a5a8      0x164 d:/intel_fpga/nios2eds/bin/gnu/h-x86_64-mingw32/bin/../lib/gcc/nios2-elf/10.3.1/../../../../../H-x86_64-mingw32/nios2-elf/lib\libc.a(lib_a-wsetup.o)
                0x000000000004a5a8                __swsetup_r
 .text          0x000000000004a70c        0x0 d:/intel_fpga/nios2eds/bin/gnu/h-x86_64-mingw32/bin/../lib/gcc/nios2-elf/10.3.1/../../../../../H-x86_64-mingw32/nios2-elf/lib\libc.a(closer.o)
 .text._close_r
                0x000000000004a70c       0x58 d:/intel_fpga/nios2eds/bin/gnu/h-x86_64-mingw32/bin/../lib/gcc/nios2-elf/10.3.1/../../../../../H-x86_64-mingw32/nios2-elf/lib\libc.a(closer.o)
                0x000000000004a70c                _close_r
 .text          0x000000000004a764        0x0 d:/intel_fpga/nios2eds/bin/gnu/h-x86_64-mingw32/bin/../lib/gcc/nios2-elf/10.3.1/../../../../../H-x86_64-mingw32/nios2-elf/lib\libc.a(lib_a-ctype_.o)
 .text          0x000000000004a764        0x0 d:/intel_fpga/nios2eds/bin/gnu/h-x86_64-mingw32/bin/../lib/gcc/nios2-elf/10.3.1/../../../../../H-x86_64-mingw32/nios2-elf/lib\libc.a(lib_a-dtoa.o)
 .text.quorem   0x000000000004a764      0x1fc d:/intel_fpga/nios2eds/bin/gnu/h-x86_64-mingw32/bin/../lib/gcc/nios2-elf/10.3.1/../../../../../H-x86_64-mingw32/nios2-elf/lib\libc.a(lib_a-dtoa.o)
 .text._dtoa_r  0x000000000004a960     0x1748 d:/intel_fpga/nios2eds/bin/gnu/h-x86_64-mingw32/bin/../lib/gcc/nios2-elf/10.3.1/../../../../../H-x86_64-mingw32/nios2-elf/lib\libc.a(lib_a-dtoa.o)
                0x000000000004a960                _dtoa_r
 .text          0x000000000004c0a8        0x0 d:/intel_fpga/nios2eds/bin/gnu/h-x86_64-mingw32/bin/../lib/gcc/nios2-elf/10.3.1/../../../../../H-x86_64-mingw32/nios2-elf/lib\libc.a(lib_a-fclose.o)
 .text._fclose_r.part.0
                0x000000000004c0a8       0xc0 d:/intel_fpga/nios2eds/bin/gnu/h-x86_64-mingw32/bin/../lib/gcc/nios2-elf/10.3.1/../../../../../H-x86_64-mingw32/nios2-elf/lib\libc.a(lib_a-fclose.o)
 .text._fclose_r
                0x000000000004c168       0x70 d:/intel_fpga/nios2eds/bin/gnu/h-x86_64-mingw32/bin/../lib/gcc/nios2-elf/10.3.1/../../../../../H-x86_64-mingw32/nios2-elf/lib\libc.a(lib_a-fclose.o)
                0x000000000004c168                _fclose_r
 .text.fclose   0x000000000004c1d8       0x70 d:/intel_fpga/nios2eds/bin/gnu/h-x86_64-mingw32/bin/../lib/gcc/nios2-elf/10.3.1/../../../../../H-x86_64-mingw32/nios2-elf/lib\libc.a(lib_a-fclose.o)
                0x000000000004c1d8                fclose
 .text          0x000000000004c248        0x0 d:/intel_fpga/nios2eds/bin/gnu/h-x86_64-mingw32/bin/../lib/gcc/nios2-elf/10.3.1/../../../../../H-x86_64-mingw32/nios2-elf/lib\libc.a(lib_a-flags.o)
 .text.__sflags
                0x000000000004c248       0xb8 d:/intel_fpga/nios2eds/bin/gnu/h-x86_64-mingw32/bin/../lib/gcc/nios2-elf/10.3.1/../../../../../H-x86_64-mingw32/nios2-elf/lib\libc.a(lib_a-flags.o)
                0x000000000004c248                __sflags
 .text          0x000000000004c300        0x0 d:/intel_fpga/nios2eds/bin/gnu/h-x86_64-mingw32/bin/../lib/gcc/nios2-elf/10.3.1/../../../../../H-x86_64-mingw32/nios2-elf/lib\libc.a(lib_a-fvwrite.o)
 .text.__sfvwrite_r
                0x000000000004c300      0x484 d:/intel_fpga/nios2eds/bin/gnu/h-x86_64-mingw32/bin/../lib/gcc/nios2-elf/10.3.1/../../../../../H-x86_64-mingw32/nios2-elf/lib\libc.a(lib_a-fvwrite.o)
                0x000000000004c300                __sfvwrite_r
 .text          0x000000000004c784        0x0 d:/intel_fpga/nios2eds/bin/gnu/h-x86_64-mingw32/bin/../lib/gcc/nios2-elf/10.3.1/../../../../../H-x86_64-mingw32/nios2-elf/lib\libc.a(lib_a-isattyr.o)
 .text._isatty_r
                0x000000000004c784       0x58 d:/intel_fpga/nios2eds/bin/gnu/h-x86_64-mingw32/bin/../lib/gcc/nios2-elf/10.3.1/../../../../../H-x86_64-mingw32/nios2-elf/lib\libc.a(lib_a-isattyr.o)
                0x000000000004c784                _isatty_r
 .text          0x000000000004c7dc        0x0 d:/intel_fpga/nios2eds/bin/gnu/h-x86_64-mingw32/bin/../lib/gcc/nios2-elf/10.3.1/../../../../../H-x86_64-mingw32/nios2-elf/lib\libc.a(lib_a-iswspace.o)
 .text.iswspace
                0x000000000004c7dc        0x8 d:/intel_fpga/nios2eds/bin/gnu/h-x86_64-mingw32/bin/../lib/gcc/nios2-elf/10.3.1/../../../../../H-x86_64-mingw32/nios2-elf/lib\libc.a(lib_a-iswspace.o)
                0x000000000004c7dc                iswspace
 .text          0x000000000004c7e4        0x0 d:/intel_fpga/nios2eds/bin/gnu/h-x86_64-mingw32/bin/../lib/gcc/nios2-elf/10.3.1/../../../../../H-x86_64-mingw32/nios2-elf/lib\libc.a(lib_a-iswspace_l.o)
 .text.iswspace_l
                0x000000000004c7e4       0x24 d:/intel_fpga/nios2eds/bin/gnu/h-x86_64-mingw32/bin/../lib/gcc/nios2-elf/10.3.1/../../../../../H-x86_64-mingw32/nios2-elf/lib\libc.a(lib_a-iswspace_l.o)
                0x000000000004c7e4                iswspace_l
 .text          0x000000000004c808        0x0 d:/intel_fpga/nios2eds/bin/gnu/h-x86_64-mingw32/bin/../lib/gcc/nios2-elf/10.3.1/../../../../../H-x86_64-mingw32/nios2-elf/lib\libc.a(lib_a-locale.o)
 .text._setlocale_r
                0x000000000004c808       0x74 d:/intel_fpga/nios2eds/bin/gnu/h-x86_64-mingw32/bin/../lib/gcc/nios2-elf/10.3.1/../../../../../H-x86_64-mingw32/nios2-elf/lib\libc.a(lib_a-locale.o)
                0x000000000004c808                _setlocale_r
 .text.__locale_mb_cur_max
                0x000000000004c87c        0xc d:/intel_fpga/nios2eds/bin/gnu/h-x86_64-mingw32/bin/../lib/gcc/nios2-elf/10.3.1/../../../../../H-x86_64-mingw32/nios2-elf/lib\libc.a(lib_a-locale.o)
                0x000000000004c87c                __locale_mb_cur_max
 .text.setlocale
                0x000000000004c888       0x74 d:/intel_fpga/nios2eds/bin/gnu/h-x86_64-mingw32/bin/../lib/gcc/nios2-elf/10.3.1/../../../../../H-x86_64-mingw32/nios2-elf/lib\libc.a(lib_a-locale.o)
                0x000000000004c888                setlocale
 .text          0x000000000004c8fc        0x0 d:/intel_fpga/nios2eds/bin/gnu/h-x86_64-mingw32/bin/../lib/gcc/nios2-elf/10.3.1/../../../../../H-x86_64-mingw32/nios2-elf/lib\libc.a(lib_a-localeconv.o)
 .text.__localeconv_l
                0x000000000004c8fc        0x8 d:/intel_fpga/nios2eds/bin/gnu/h-x86_64-mingw32/bin/../lib/gcc/nios2-elf/10.3.1/../../../../../H-x86_64-mingw32/nios2-elf/lib\libc.a(lib_a-localeconv.o)
                0x000000000004c8fc                __localeconv_l
 .text._localeconv_r
                0x000000000004c904        0xc d:/intel_fpga/nios2eds/bin/gnu/h-x86_64-mingw32/bin/../lib/gcc/nios2-elf/10.3.1/../../../../../H-x86_64-mingw32/nios2-elf/lib\libc.a(lib_a-localeconv.o)
                0x000000000004c904                _localeconv_r
 .text.localeconv
                0x000000000004c910        0xc d:/intel_fpga/nios2eds/bin/gnu/h-x86_64-mingw32/bin/../lib/gcc/nios2-elf/10.3.1/../../../../../H-x86_64-mingw32/nios2-elf/lib\libc.a(lib_a-localeconv.o)
                0x000000000004c910                localeconv
 .text          0x000000000004c91c        0x0 d:/intel_fpga/nios2eds/bin/gnu/h-x86_64-mingw32/bin/../lib/gcc/nios2-elf/10.3.1/../../../../../H-x86_64-mingw32/nios2-elf/lib\libc.a(lib_a-lseekr.o)
 .text._lseek_r
                0x000000000004c91c       0x64 d:/intel_fpga/nios2eds/bin/gnu/h-x86_64-mingw32/bin/../lib/gcc/nios2-elf/10.3.1/../../../../../H-x86_64-mingw32/nios2-elf/lib\libc.a(lib_a-lseekr.o)
                0x000000000004c91c                _lseek_r
 .text          0x000000000004c980        0x0 d:/intel_fpga/nios2eds/bin/gnu/h-x86_64-mingw32/bin/../lib/gcc/nios2-elf/10.3.1/../../../../../H-x86_64-mingw32/nios2-elf/lib\libc.a(lib_a-mbrtowc.o)
 .text._mbrtowc_r
                0x000000000004c980       0x7c d:/intel_fpga/nios2eds/bin/gnu/h-x86_64-mingw32/bin/../lib/gcc/nios2-elf/10.3.1/../../../../../H-x86_64-mingw32/nios2-elf/lib\libc.a(lib_a-mbrtowc.o)
                0x000000000004c980                _mbrtowc_r
 .text.mbrtowc  0x000000000004c9fc       0x90 d:/intel_fpga/nios2eds/bin/gnu/h-x86_64-mingw32/bin/../lib/gcc/nios2-elf/10.3.1/../../../../../H-x86_64-mingw32/nios2-elf/lib\libc.a(lib_a-mbrtowc.o)
                0x000000000004c9fc                mbrtowc
 .text          0x000000000004ca8c        0x0 d:/intel_fpga/nios2eds/bin/gnu/h-x86_64-mingw32/bin/../lib/gcc/nios2-elf/10.3.1/../../../../../H-x86_64-mingw32/nios2-elf/lib\libc.a(lib_a-mbtowc_r.o)
 .text._mbtowc_r
                0x000000000004ca8c        0xc d:/intel_fpga/nios2eds/bin/gnu/h-x86_64-mingw32/bin/../lib/gcc/nios2-elf/10.3.1/../../../../../H-x86_64-mingw32/nios2-elf/lib\libc.a(lib_a-mbtowc_r.o)
                0x000000000004ca8c                _mbtowc_r
 .text.__ascii_mbtowc
                0x000000000004ca98       0x44 d:/intel_fpga/nios2eds/bin/gnu/h-x86_64-mingw32/bin/../lib/gcc/nios2-elf/10.3.1/../../../../../H-x86_64-mingw32/nios2-elf/lib\libc.a(lib_a-mbtowc_r.o)
                0x000000000004ca98                __ascii_mbtowc
 .text          0x000000000004cadc        0x0 d:/intel_fpga/nios2eds/bin/gnu/h-x86_64-mingw32/bin/../lib/gcc/nios2-elf/10.3.1/../../../../../H-x86_64-mingw32/nios2-elf/lib\libc.a(lib_a-memcmp.o)
 .text.memcmp   0x000000000004cadc       0x78 d:/intel_fpga/nios2eds/bin/gnu/h-x86_64-mingw32/bin/../lib/gcc/nios2-elf/10.3.1/../../../../../H-x86_64-mingw32/nios2-elf/lib\libc.a(lib_a-memcmp.o)
                0x000000000004cadc                memcmp
 .text          0x000000000004cb54        0x0 d:/intel_fpga/nios2eds/bin/gnu/h-x86_64-mingw32/bin/../lib/gcc/nios2-elf/10.3.1/../../../../../H-x86_64-mingw32/nios2-elf/lib\libc.a(lib_a-memmove.o)
 .text.memmove  0x000000000004cb54      0x12c d:/intel_fpga/nios2eds/bin/gnu/h-x86_64-mingw32/bin/../lib/gcc/nios2-elf/10.3.1/../../../../../H-x86_64-mingw32/nios2-elf/lib\libc.a(lib_a-memmove.o)
                0x000000000004cb54                memmove
 .text          0x000000000004cc80        0x0 d:/intel_fpga/nios2eds/bin/gnu/h-x86_64-mingw32/bin/../lib/gcc/nios2-elf/10.3.1/../../../../../H-x86_64-mingw32/nios2-elf/lib\libc.a(lib_a-mprec.o)
 .text._Balloc  0x000000000004cc80       0xa4 d:/intel_fpga/nios2eds/bin/gnu/h-x86_64-mingw32/bin/../lib/gcc/nios2-elf/10.3.1/../../../../../H-x86_64-mingw32/nios2-elf/lib\libc.a(lib_a-mprec.o)
                0x000000000004cc80                _Balloc
 .text._Bfree   0x000000000004cd24       0x24 d:/intel_fpga/nios2eds/bin/gnu/h-x86_64-mingw32/bin/../lib/gcc/nios2-elf/10.3.1/../../../../../H-x86_64-mingw32/nios2-elf/lib\libc.a(lib_a-mprec.o)
                0x000000000004cd24                _Bfree
 .text.__multadd
                0x000000000004cd48      0x138 d:/intel_fpga/nios2eds/bin/gnu/h-x86_64-mingw32/bin/../lib/gcc/nios2-elf/10.3.1/../../../../../H-x86_64-mingw32/nios2-elf/lib\libc.a(lib_a-mprec.o)
                0x000000000004cd48                __multadd
 .text.__s2b    0x000000000004ce80      0x138 d:/intel_fpga/nios2eds/bin/gnu/h-x86_64-mingw32/bin/../lib/gcc/nios2-elf/10.3.1/../../../../../H-x86_64-mingw32/nios2-elf/lib\libc.a(lib_a-mprec.o)
                0x000000000004ce80                __s2b
 .text.__hi0bits
                0x000000000004cfb8       0x64 d:/intel_fpga/nios2eds/bin/gnu/h-x86_64-mingw32/bin/../lib/gcc/nios2-elf/10.3.1/../../../../../H-x86_64-mingw32/nios2-elf/lib\libc.a(lib_a-mprec.o)
                0x000000000004cfb8                __hi0bits
 .text.__lo0bits
                0x000000000004d01c       0xb0 d:/intel_fpga/nios2eds/bin/gnu/h-x86_64-mingw32/bin/../lib/gcc/nios2-elf/10.3.1/../../../../../H-x86_64-mingw32/nios2-elf/lib\libc.a(lib_a-mprec.o)
                0x000000000004d01c                __lo0bits
 .text.__i2b    0x000000000004d0cc       0xb0 d:/intel_fpga/nios2eds/bin/gnu/h-x86_64-mingw32/bin/../lib/gcc/nios2-elf/10.3.1/../../../../../H-x86_64-mingw32/nios2-elf/lib\libc.a(lib_a-mprec.o)
                0x000000000004d0cc                __i2b
 .text.__multiply
                0x000000000004d17c      0x254 d:/intel_fpga/nios2eds/bin/gnu/h-x86_64-mingw32/bin/../lib/gcc/nios2-elf/10.3.1/../../../../../H-x86_64-mingw32/nios2-elf/lib\libc.a(lib_a-mprec.o)
                0x000000000004d17c                __multiply
 .text.__pow5mult
                0x000000000004d3d0      0x148 d:/intel_fpga/nios2eds/bin/gnu/h-x86_64-mingw32/bin/../lib/gcc/nios2-elf/10.3.1/../../../../../H-x86_64-mingw32/nios2-elf/lib\libc.a(lib_a-mprec.o)
                0x000000000004d3d0                __pow5mult
 .text.__lshift
                0x000000000004d518      0x188 d:/intel_fpga/nios2eds/bin/gnu/h-x86_64-mingw32/bin/../lib/gcc/nios2-elf/10.3.1/../../../../../H-x86_64-mingw32/nios2-elf/lib\libc.a(lib_a-mprec.o)
                0x000000000004d518                __lshift
 .text.__mcmp   0x000000000004d6a0       0x58 d:/intel_fpga/nios2eds/bin/gnu/h-x86_64-mingw32/bin/../lib/gcc/nios2-elf/10.3.1/../../../../../H-x86_64-mingw32/nios2-elf/lib\libc.a(lib_a-mprec.o)
                0x000000000004d6a0                __mcmp
 .text.__mdiff  0x000000000004d6f8      0x22c d:/intel_fpga/nios2eds/bin/gnu/h-x86_64-mingw32/bin/../lib/gcc/nios2-elf/10.3.1/../../../../../H-x86_64-mingw32/nios2-elf/lib\libc.a(lib_a-mprec.o)
                0x000000000004d6f8                __mdiff
 .text.__ulp    0x000000000004d924       0x5c d:/intel_fpga/nios2eds/bin/gnu/h-x86_64-mingw32/bin/../lib/gcc/nios2-elf/10.3.1/../../../../../H-x86_64-mingw32/nios2-elf/lib\libc.a(lib_a-mprec.o)
                0x000000000004d924                __ulp
 .text.__b2d    0x000000000004d980      0x108 d:/intel_fpga/nios2eds/bin/gnu/h-x86_64-mingw32/bin/../lib/gcc/nios2-elf/10.3.1/../../../../../H-x86_64-mingw32/nios2-elf/lib\libc.a(lib_a-mprec.o)
                0x000000000004d980                __b2d
 .text.__d2b    0x000000000004da88      0x164 d:/intel_fpga/nios2eds/bin/gnu/h-x86_64-mingw32/bin/../lib/gcc/nios2-elf/10.3.1/../../../../../H-x86_64-mingw32/nios2-elf/lib\libc.a(lib_a-mprec.o)
                0x000000000004da88                __d2b
 .text.__ratio  0x000000000004dbec       0xa8 d:/intel_fpga/nios2eds/bin/gnu/h-x86_64-mingw32/bin/../lib/gcc/nios2-elf/10.3.1/../../../../../H-x86_64-mingw32/nios2-elf/lib\libc.a(lib_a-mprec.o)
                0x000000000004dbec                __ratio
 .text._mprec_log10
                0x000000000004dc94       0x70 d:/intel_fpga/nios2eds/bin/gnu/h-x86_64-mingw32/bin/../lib/gcc/nios2-elf/10.3.1/../../../../../H-x86_64-mingw32/nios2-elf/lib\libc.a(lib_a-mprec.o)
                0x000000000004dc94                _mprec_log10
 .text.__copybits
                0x000000000004dd04       0x7c d:/intel_fpga/nios2eds/bin/gnu/h-x86_64-mingw32/bin/../lib/gcc/nios2-elf/10.3.1/../../../../../H-x86_64-mingw32/nios2-elf/lib\libc.a(lib_a-mprec.o)
                0x000000000004dd04                __copybits
 .text.__any_on
                0x000000000004dd80       0x60 d:/intel_fpga/nios2eds/bin/gnu/h-x86_64-mingw32/bin/../lib/gcc/nios2-elf/10.3.1/../../../../../H-x86_64-mingw32/nios2-elf/lib\libc.a(lib_a-mprec.o)
                0x000000000004dd80                __any_on
 .text          0x000000000004dde0        0x0 d:/intel_fpga/nios2eds/bin/gnu/h-x86_64-mingw32/bin/../lib/gcc/nios2-elf/10.3.1/../../../../../H-x86_64-mingw32/nios2-elf/lib\libc.a(lib_a-readr.o)
 .text._read_r  0x000000000004dde0       0x64 d:/intel_fpga/nios2eds/bin/gnu/h-x86_64-mingw32/bin/../lib/gcc/nios2-elf/10.3.1/../../../../../H-x86_64-mingw32/nios2-elf/lib\libc.a(lib_a-readr.o)
                0x000000000004dde0                _read_r
 .text          0x000000000004de44        0x0 d:/intel_fpga/nios2eds/bin/gnu/h-x86_64-mingw32/bin/../lib/gcc/nios2-elf/10.3.1/../../../../../H-x86_64-mingw32/nios2-elf/lib\libc.a(lib_a-reallocr.o)
 .text._realloc_r
                0x000000000004de44      0x53c d:/intel_fpga/nios2eds/bin/gnu/h-x86_64-mingw32/bin/../lib/gcc/nios2-elf/10.3.1/../../../../../H-x86_64-mingw32/nios2-elf/lib\libc.a(lib_a-reallocr.o)
                0x000000000004de44                _realloc_r
 .text          0x000000000004e380        0x0 d:/intel_fpga/nios2eds/bin/gnu/h-x86_64-mingw32/bin/../lib/gcc/nios2-elf/10.3.1/../../../../../H-x86_64-mingw32/nios2-elf/lib\libc.a(lib_a-sccl.o)
 .text.__sccl   0x000000000004e380      0x144 d:/intel_fpga/nios2eds/bin/gnu/h-x86_64-mingw32/bin/../lib/gcc/nios2-elf/10.3.1/../../../../../H-x86_64-mingw32/nios2-elf/lib\libc.a(lib_a-sccl.o)
                0x000000000004e380                __sccl
 .text          0x000000000004e4c4        0x0 d:/intel_fpga/nios2eds/bin/gnu/h-x86_64-mingw32/bin/../lib/gcc/nios2-elf/10.3.1/../../../../../H-x86_64-mingw32/nios2-elf/lib\libc.a(lib_a-strnlen.o)
 .text.strnlen  0x000000000004e4c4       0x38 d:/intel_fpga/nios2eds/bin/gnu/h-x86_64-mingw32/bin/../lib/gcc/nios2-elf/10.3.1/../../../../../H-x86_64-mingw32/nios2-elf/lib\libc.a(lib_a-strnlen.o)
                0x000000000004e4c4                strnlen
 .text          0x000000000004e4fc        0x0 d:/intel_fpga/nios2eds/bin/gnu/h-x86_64-mingw32/bin/../lib/gcc/nios2-elf/10.3.1/../../../../../H-x86_64-mingw32/nios2-elf/lib\libc.a(lib_a-strtod.o)
 .text._strtod_l
                0x000000000004e4fc     0x15dc d:/intel_fpga/nios2eds/bin/gnu/h-x86_64-mingw32/bin/../lib/gcc/nios2-elf/10.3.1/../../../../../H-x86_64-mingw32/nios2-elf/lib\libc.a(lib_a-strtod.o)
                0x000000000004e4fc                _strtod_l
 .text._strtod_r
                0x000000000004fad8        0xc d:/intel_fpga/nios2eds/bin/gnu/h-x86_64-mingw32/bin/../lib/gcc/nios2-elf/10.3.1/../../../../../H-x86_64-mingw32/nios2-elf/lib\libc.a(lib_a-strtod.o)
                0x000000000004fad8                _strtod_r
 .text.strtod_l
                0x000000000004fae4       0x1c d:/intel_fpga/nios2eds/bin/gnu/h-x86_64-mingw32/bin/../lib/gcc/nios2-elf/10.3.1/../../../../../H-x86_64-mingw32/nios2-elf/lib\libc.a(lib_a-strtod.o)
                0x000000000004fae4                strtod_l
 .text.strtod   0x000000000004fb00       0x20 d:/intel_fpga/nios2eds/bin/gnu/h-x86_64-mingw32/bin/../lib/gcc/nios2-elf/10.3.1/../../../../../H-x86_64-mingw32/nios2-elf/lib\libc.a(lib_a-strtod.o)
                0x000000000004fb00                strtod
 .text.strtof_l
                0x000000000004fb20      0x120 d:/intel_fpga/nios2eds/bin/gnu/h-x86_64-mingw32/bin/../lib/gcc/nios2-elf/10.3.1/../../../../../H-x86_64-mingw32/nios2-elf/lib\libc.a(lib_a-strtod.o)
                0x000000000004fb20                strtof_l
 .text.strtof   0x000000000004fc40      0x124 d:/intel_fpga/nios2eds/bin/gnu/h-x86_64-mingw32/bin/../lib/gcc/nios2-elf/10.3.1/../../../../../H-x86_64-mingw32/nios2-elf/lib\libc.a(lib_a-strtod.o)
                0x000000000004fc40                strtof
 .text          0x000000000004fd64        0x0 d:/intel_fpga/nios2eds/bin/gnu/h-x86_64-mingw32/bin/../lib/gcc/nios2-elf/10.3.1/../../../../../H-x86_64-mingw32/nios2-elf/lib\libc.a(lib_a-strtol.o)
 .text._strtol_l.part.0
                0x000000000004fd64      0x21c d:/intel_fpga/nios2eds/bin/gnu/h-x86_64-mingw32/bin/../lib/gcc/nios2-elf/10.3.1/../../../../../H-x86_64-mingw32/nios2-elf/lib\libc.a(lib_a-strtol.o)
 .text._strtol_r
                0x000000000004ff80       0x38 d:/intel_fpga/nios2eds/bin/gnu/h-x86_64-mingw32/bin/../lib/gcc/nios2-elf/10.3.1/../../../../../H-x86_64-mingw32/nios2-elf/lib\libc.a(lib_a-strtol.o)
                0x000000000004ff80                _strtol_r
 .text.strtol_l
                0x000000000004ffb8       0x50 d:/intel_fpga/nios2eds/bin/gnu/h-x86_64-mingw32/bin/../lib/gcc/nios2-elf/10.3.1/../../../../../H-x86_64-mingw32/nios2-elf/lib\libc.a(lib_a-strtol.o)
                0x000000000004ffb8                strtol_l
 .text.strtol   0x0000000000050008       0x50 d:/intel_fpga/nios2eds/bin/gnu/h-x86_64-mingw32/bin/../lib/gcc/nios2-elf/10.3.1/../../../../../H-x86_64-mingw32/nios2-elf/lib\libc.a(lib_a-strtol.o)
                0x0000000000050008                strtol
 .text          0x0000000000050058        0x0 d:/intel_fpga/nios2eds/bin/gnu/h-x86_64-mingw32/bin/../lib/gcc/nios2-elf/10.3.1/../../../../../H-x86_64-mingw32/nios2-elf/lib\libc.a(lib_a-strtoll.o)
 .text._strtoll_l.constprop.0
                0x0000000000050058      0x2cc d:/intel_fpga/nios2eds/bin/gnu/h-x86_64-mingw32/bin/../lib/gcc/nios2-elf/10.3.1/../../../../../H-x86_64-mingw32/nios2-elf/lib\libc.a(lib_a-strtoll.o)
 .text._strtoll_r
                0x0000000000050324        0x4 d:/intel_fpga/nios2eds/bin/gnu/h-x86_64-mingw32/bin/../lib/gcc/nios2-elf/10.3.1/../../../../../H-x86_64-mingw32/nios2-elf/lib\libc.a(lib_a-strtoll.o)
                0x0000000000050324                _strtoll_r
 .text.strtoll_l
                0x0000000000050328       0x1c d:/intel_fpga/nios2eds/bin/gnu/h-x86_64-mingw32/bin/../lib/gcc/nios2-elf/10.3.1/../../../../../H-x86_64-mingw32/nios2-elf/lib\libc.a(lib_a-strtoll.o)
                0x0000000000050328                strtoll_l
 .text.strtoll  0x0000000000050344       0x1c d:/intel_fpga/nios2eds/bin/gnu/h-x86_64-mingw32/bin/../lib/gcc/nios2-elf/10.3.1/../../../../../H-x86_64-mingw32/nios2-elf/lib\libc.a(lib_a-strtoll.o)
                0x0000000000050344                strtoll
 .text          0x0000000000050360        0x0 d:/intel_fpga/nios2eds/bin/gnu/h-x86_64-mingw32/bin/../lib/gcc/nios2-elf/10.3.1/../../../../../H-x86_64-mingw32/nios2-elf/lib\libc.a(lib_a-strtoul.o)
 .text._strtoul_l.constprop.0
                0x0000000000050360      0x248 d:/intel_fpga/nios2eds/bin/gnu/h-x86_64-mingw32/bin/../lib/gcc/nios2-elf/10.3.1/../../../../../H-x86_64-mingw32/nios2-elf/lib\libc.a(lib_a-strtoul.o)
 .text._strtoul_r
                0x00000000000505a8        0x4 d:/intel_fpga/nios2eds/bin/gnu/h-x86_64-mingw32/bin/../lib/gcc/nios2-elf/10.3.1/../../../../../H-x86_64-mingw32/nios2-elf/lib\libc.a(lib_a-strtoul.o)
                0x00000000000505a8                _strtoul_r
 .text.strtoul_l
                0x00000000000505ac       0x1c d:/intel_fpga/nios2eds/bin/gnu/h-x86_64-mingw32/bin/../lib/gcc/nios2-elf/10.3.1/../../../../../H-x86_64-mingw32/nios2-elf/lib\libc.a(lib_a-strtoul.o)
                0x00000000000505ac                strtoul_l
 .text.strtoul  0x00000000000505c8       0x1c d:/intel_fpga/nios2eds/bin/gnu/h-x86_64-mingw32/bin/../lib/gcc/nios2-elf/10.3.1/../../../../../H-x86_64-mingw32/nios2-elf/lib\libc.a(lib_a-strtoul.o)
                0x00000000000505c8                strtoul
 .text          0x00000000000505e4        0x0 d:/intel_fpga/nios2eds/bin/gnu/h-x86_64-mingw32/bin/../lib/gcc/nios2-elf/10.3.1/../../../../../H-x86_64-mingw32/nios2-elf/lib\libc.a(lib_a-strtoull.o)
 .text._strtoull_l.constprop.0
                0x00000000000505e4      0x318 d:/intel_fpga/nios2eds/bin/gnu/h-x86_64-mingw32/bin/../lib/gcc/nios2-elf/10.3.1/../../../../../H-x86_64-mingw32/nios2-elf/lib\libc.a(lib_a-strtoull.o)
 .text._strtoull_r
                0x00000000000508fc        0x4 d:/intel_fpga/nios2eds/bin/gnu/h-x86_64-mingw32/bin/../lib/gcc/nios2-elf/10.3.1/../../../../../H-x86_64-mingw32/nios2-elf/lib\libc.a(lib_a-strtoull.o)
                0x00000000000508fc                _strtoull_r
 .text.strtoull_l
                0x0000000000050900       0x1c d:/intel_fpga/nios2eds/bin/gnu/h-x86_64-mingw32/bin/../lib/gcc/nios2-elf/10.3.1/../../../../../H-x86_64-mingw32/nios2-elf/lib\libc.a(lib_a-strtoull.o)
                0x0000000000050900                strtoull_l
 .text.strtoull
                0x000000000005091c       0x1c d:/intel_fpga/nios2eds/bin/gnu/h-x86_64-mingw32/bin/../lib/gcc/nios2-elf/10.3.1/../../../../../H-x86_64-mingw32/nios2-elf/lib\libc.a(lib_a-strtoull.o)
                0x000000000005091c                strtoull
 .text          0x0000000000050938        0x0 d:/intel_fpga/nios2eds/bin/gnu/h-x86_64-mingw32/bin/../lib/gcc/nios2-elf/10.3.1/../../../../../H-x86_64-mingw32/nios2-elf/lib\libc.a(lib_a-svfiprintf.o)
 .text.__ssprint_r
                0x0000000000050938      0x1c0 d:/intel_fpga/nios2eds/bin/gnu/h-x86_64-mingw32/bin/../lib/gcc/nios2-elf/10.3.1/../../../../../H-x86_64-mingw32/nios2-elf/lib\libc.a(lib_a-svfiprintf.o)
                0x0000000000050938                __ssprint_r
 .text.___svfiprintf_internal_r
                0x0000000000050af8      0xfe4 d:/intel_fpga/nios2eds/bin/gnu/h-x86_64-mingw32/bin/../lib/gcc/nios2-elf/10.3.1/../../../../../H-x86_64-mingw32/nios2-elf/lib\libc.a(lib_a-svfiprintf.o)
                0x0000000000050af8                ___svfiprintf_internal_r
 .text          0x0000000000051adc        0x0 d:/intel_fpga/nios2eds/bin/gnu/h-x86_64-mingw32/bin/../lib/gcc/nios2-elf/10.3.1/../../../../../H-x86_64-mingw32/nios2-elf/lib\libc.a(lib_a-svfiscanf.o)
 .text._sungetc_r
                0x0000000000051adc       0xf0 d:/intel_fpga/nios2eds/bin/gnu/h-x86_64-mingw32/bin/../lib/gcc/nios2-elf/10.3.1/../../../../../H-x86_64-mingw32/nios2-elf/lib\libc.a(lib_a-svfiscanf.o)
                0x0000000000051adc                _sungetc_r
 .text.__ssrefill_r
                0x0000000000051bcc       0x70 d:/intel_fpga/nios2eds/bin/gnu/h-x86_64-mingw32/bin/../lib/gcc/nios2-elf/10.3.1/../../../../../H-x86_64-mingw32/nios2-elf/lib\libc.a(lib_a-svfiscanf.o)
                0x0000000000051bcc                __ssrefill_r
 .text._sfread_r
                0x0000000000051c3c      0x148 d:/intel_fpga/nios2eds/bin/gnu/h-x86_64-mingw32/bin/../lib/gcc/nios2-elf/10.3.1/../../../../../H-x86_64-mingw32/nios2-elf/lib\libc.a(lib_a-svfiscanf.o)
                0x0000000000051c3c                _sfread_r
 .text.__ssvfiscanf_r
                0x0000000000051d84     0x1530 d:/intel_fpga/nios2eds/bin/gnu/h-x86_64-mingw32/bin/../lib/gcc/nios2-elf/10.3.1/../../../../../H-x86_64-mingw32/nios2-elf/lib\libc.a(lib_a-svfiscanf.o)
                0x0000000000051d84                __ssvfiscanf_r
 .text          0x00000000000532b4        0x0 d:/intel_fpga/nios2eds/bin/gnu/h-x86_64-mingw32/bin/../lib/gcc/nios2-elf/10.3.1/../../../../../H-x86_64-mingw32/nios2-elf/lib\libc.a(lib_a-ungetc.o)
 .text.__submore
                0x00000000000532b4       0xc8 d:/intel_fpga/nios2eds/bin/gnu/h-x86_64-mingw32/bin/../lib/gcc/nios2-elf/10.3.1/../../../../../H-x86_64-mingw32/nios2-elf/lib\libc.a(lib_a-ungetc.o)
                0x00000000000532b4                __submore
 .text._ungetc_r
                0x000000000005337c      0x184 d:/intel_fpga/nios2eds/bin/gnu/h-x86_64-mingw32/bin/../lib/gcc/nios2-elf/10.3.1/../../../../../H-x86_64-mingw32/nios2-elf/lib\libc.a(lib_a-ungetc.o)
                0x000000000005337c                _ungetc_r
 .text.ungetc   0x0000000000053500       0x18 d:/intel_fpga/nios2eds/bin/gnu/h-x86_64-mingw32/bin/../lib/gcc/nios2-elf/10.3.1/../../../../../H-x86_64-mingw32/nios2-elf/lib\libc.a(lib_a-ungetc.o)
                0x0000000000053500                ungetc
 .text          0x0000000000053518        0x0 d:/intel_fpga/nios2eds/bin/gnu/h-x86_64-mingw32/bin/../lib/gcc/nios2-elf/10.3.1/../../../../../H-x86_64-mingw32/nios2-elf/lib\libc.a(lib_a-vfiprintf.o)
 .text.__sprint_r.part.0
                0x0000000000053518       0xf4 d:/intel_fpga/nios2eds/bin/gnu/h-x86_64-mingw32/bin/../lib/gcc/nios2-elf/10.3.1/../../../../../H-x86_64-mingw32/nios2-elf/lib\libc.a(lib_a-vfiprintf.o)
 .text.__sprint_r
                0x000000000005360c       0x18 d:/intel_fpga/nios2eds/bin/gnu/h-x86_64-mingw32/bin/../lib/gcc/nios2-elf/10.3.1/../../../../../H-x86_64-mingw32/nios2-elf/lib\libc.a(lib_a-vfiprintf.o)
                0x000000000005360c                __sprint_r
 .text.___vfiprintf_internal_r
                0x0000000000053624     0x1250 d:/intel_fpga/nios2eds/bin/gnu/h-x86_64-mingw32/bin/../lib/gcc/nios2-elf/10.3.1/../../../../../H-x86_64-mingw32/nios2-elf/lib\libc.a(lib_a-vfiprintf.o)
                0x0000000000053624                ___vfiprintf_internal_r
 .text.__vfiprintf_internal
                0x0000000000054874       0x1c d:/intel_fpga/nios2eds/bin/gnu/h-x86_64-mingw32/bin/../lib/gcc/nios2-elf/10.3.1/../../../../../H-x86_64-mingw32/nios2-elf/lib\libc.a(lib_a-vfiprintf.o)
                0x0000000000054874                __vfiprintf_internal
 .text.__sbprintf
                0x0000000000054890       0xc0 d:/intel_fpga/nios2eds/bin/gnu/h-x86_64-mingw32/bin/../lib/gcc/nios2-elf/10.3.1/../../../../../H-x86_64-mingw32/nios2-elf/lib\libc.a(lib_a-vfiprintf.o)
 .text          0x0000000000054950        0x0 d:/intel_fpga/nios2eds/bin/gnu/h-x86_64-mingw32/bin/../lib/gcc/nios2-elf/10.3.1/../../../../../H-x86_64-mingw32/nios2-elf/lib\libc.a(lib_a-wctomb_r.o)
 .text._wctomb_r
                0x0000000000054950        0xc d:/intel_fpga/nios2eds/bin/gnu/h-x86_64-mingw32/bin/../lib/gcc/nios2-elf/10.3.1/../../../../../H-x86_64-mingw32/nios2-elf/lib\libc.a(lib_a-wctomb_r.o)
                0x0000000000054950                _wctomb_r
 .text.__ascii_wctomb
                0x000000000005495c       0x30 d:/intel_fpga/nios2eds/bin/gnu/h-x86_64-mingw32/bin/../lib/gcc/nios2-elf/10.3.1/../../../../../H-x86_64-mingw32/nios2-elf/lib\libc.a(lib_a-wctomb_r.o)
                0x000000000005495c                __ascii_wctomb
 .text          0x000000000005498c        0x0 d:/intel_fpga/nios2eds/bin/gnu/h-x86_64-mingw32/bin/../lib/gcc/nios2-elf/10.3.1/../../../../../H-x86_64-mingw32/nios2-elf/lib\libc.a(lib_a-assert.o)
 .text.__assert_func
                0x000000000005498c       0x64 d:/intel_fpga/nios2eds/bin/gnu/h-x86_64-mingw32/bin/../lib/gcc/nios2-elf/10.3.1/../../../../../H-x86_64-mingw32/nios2-elf/lib\libc.a(lib_a-assert.o)
                0x000000000005498c                __assert_func
 .text.__assert
                0x00000000000549f0       0x14 d:/intel_fpga/nios2eds/bin/gnu/h-x86_64-mingw32/bin/../lib/gcc/nios2-elf/10.3.1/../../../../../H-x86_64-mingw32/nios2-elf/lib\libc.a(lib_a-assert.o)
                0x00000000000549f0                __assert
 .text          0x0000000000054a04        0x0 d:/intel_fpga/nios2eds/bin/gnu/h-x86_64-mingw32/bin/../lib/gcc/nios2-elf/10.3.1/../../../../../H-x86_64-mingw32/nios2-elf/lib\libc.a(lib_a-callocr.o)
 .text._calloc_r
                0x0000000000054a04      0x12c d:/intel_fpga/nios2eds/bin/gnu/h-x86_64-mingw32/bin/../lib/gcc/nios2-elf/10.3.1/../../../../../H-x86_64-mingw32/nios2-elf/lib\libc.a(lib_a-callocr.o)
                0x0000000000054a04                _calloc_r
 .text          0x0000000000054b30        0x0 d:/intel_fpga/nios2eds/bin/gnu/h-x86_64-mingw32/bin/../lib/gcc/nios2-elf/10.3.1/../../../../../H-x86_64-mingw32/nios2-elf/lib\libc.a(lib_a-errno.o)
 .text.__errno  0x0000000000054b30        0xc d:/intel_fpga/nios2eds/bin/gnu/h-x86_64-mingw32/bin/../lib/gcc/nios2-elf/10.3.1/../../../../../H-x86_64-mingw32/nios2-elf/lib\libc.a(lib_a-errno.o)
                0x0000000000054b30                __errno
 .text          0x0000000000054b3c        0x0 d:/intel_fpga/nios2eds/bin/gnu/h-x86_64-mingw32/bin/../lib/gcc/nios2-elf/10.3.1/../../../../../H-x86_64-mingw32/nios2-elf/lib\libc.a(lib_a-fiprintf.o)
 .text._fiprintf_r
                0x0000000000054b3c       0x20 d:/intel_fpga/nios2eds/bin/gnu/h-x86_64-mingw32/bin/../lib/gcc/nios2-elf/10.3.1/../../../../../H-x86_64-mingw32/nios2-elf/lib\libc.a(lib_a-fiprintf.o)
                0x0000000000054b3c                _fiprintf_r
 .text.fiprintf
                0x0000000000054b5c       0x38 d:/intel_fpga/nios2eds/bin/gnu/h-x86_64-mingw32/bin/../lib/gcc/nios2-elf/10.3.1/../../../../../H-x86_64-mingw32/nios2-elf/lib\libc.a(lib_a-fiprintf.o)
                0x0000000000054b5c                fiprintf
 .text          0x0000000000054b94        0x0 d:/intel_fpga/nios2eds/bin/gnu/h-x86_64-mingw32/bin/../lib/gcc/nios2-elf/10.3.1/../../../../../H-x86_64-mingw32/nios2-elf/lib\libc.a(lib_a-fputwc.o)
 .text.__fputwc
                0x0000000000054b94      0x164 d:/intel_fpga/nios2eds/bin/gnu/h-x86_64-mingw32/bin/../lib/gcc/nios2-elf/10.3.1/../../../../../H-x86_64-mingw32/nios2-elf/lib\libc.a(lib_a-fputwc.o)
                0x0000000000054b94                __fputwc
 .text._fputwc_r
                0x0000000000054cf8       0x24 d:/intel_fpga/nios2eds/bin/gnu/h-x86_64-mingw32/bin/../lib/gcc/nios2-elf/10.3.1/../../../../../H-x86_64-mingw32/nios2-elf/lib\libc.a(lib_a-fputwc.o)
                0x0000000000054cf8                _fputwc_r
 .text.fputwc   0x0000000000054d1c       0x78 d:/intel_fpga/nios2eds/bin/gnu/h-x86_64-mingw32/bin/../lib/gcc/nios2-elf/10.3.1/../../../../../H-x86_64-mingw32/nios2-elf/lib\libc.a(lib_a-fputwc.o)
                0x0000000000054d1c                fputwc
 .text          0x0000000000054d94        0x0 d:/intel_fpga/nios2eds/bin/gnu/h-x86_64-mingw32/bin/../lib/gcc/nios2-elf/10.3.1/../../../../../H-x86_64-mingw32/nios2-elf/lib\libc.a(lib_a-gdtoa-gethex.o)
 .text.rshift   0x0000000000054d94       0xdc d:/intel_fpga/nios2eds/bin/gnu/h-x86_64-mingw32/bin/../lib/gcc/nios2-elf/10.3.1/../../../../../H-x86_64-mingw32/nios2-elf/lib\libc.a(lib_a-gdtoa-gethex.o)
 .text.__gethex
                0x0000000000054e70      0x8c4 d:/intel_fpga/nios2eds/bin/gnu/h-x86_64-mingw32/bin/../lib/gcc/nios2-elf/10.3.1/../../../../../H-x86_64-mingw32/nios2-elf/lib\libc.a(lib_a-gdtoa-gethex.o)
                0x0000000000054e70                __gethex
 .text          0x0000000000055734        0x0 d:/intel_fpga/nios2eds/bin/gnu/h-x86_64-mingw32/bin/../lib/gcc/nios2-elf/10.3.1/../../../../../H-x86_64-mingw32/nios2-elf/lib\libc.a(lib_a-gdtoa-hexnan.o)
 .text.__match  0x0000000000055734       0x50 d:/intel_fpga/nios2eds/bin/gnu/h-x86_64-mingw32/bin/../lib/gcc/nios2-elf/10.3.1/../../../../../H-x86_64-mingw32/nios2-elf/lib\libc.a(lib_a-gdtoa-hexnan.o)
                0x0000000000055734                __match
 .text.__hexnan
                0x0000000000055784      0x290 d:/intel_fpga/nios2eds/bin/gnu/h-x86_64-mingw32/bin/../lib/gcc/nios2-elf/10.3.1/../../../../../H-x86_64-mingw32/nios2-elf/lib\libc.a(lib_a-gdtoa-hexnan.o)
                0x0000000000055784                __hexnan
 .text          0x0000000000055a14        0x0 d:/intel_fpga/nios2eds/bin/gnu/h-x86_64-mingw32/bin/../lib/gcc/nios2-elf/10.3.1/../../../../../H-x86_64-mingw32/nios2-elf/lib\libc.a(lib_a-lnumeric.o)
 .text.__numeric_load_locale
                0x0000000000055a14        0x8 d:/intel_fpga/nios2eds/bin/gnu/h-x86_64-mingw32/bin/../lib/gcc/nios2-elf/10.3.1/../../../../../H-x86_64-mingw32/nios2-elf/lib\libc.a(lib_a-lnumeric.o)
                0x0000000000055a14                __numeric_load_locale
 .text          0x0000000000055a1c        0x0 d:/intel_fpga/nios2eds/bin/gnu/h-x86_64-mingw32/bin/../lib/gcc/nios2-elf/10.3.1/../../../../../H-x86_64-mingw32/nios2-elf/lib\libc.a(lib_a-strncmp.o)
 .text.strncmp  0x0000000000055a1c       0xd0 d:/intel_fpga/nios2eds/bin/gnu/h-x86_64-mingw32/bin/../lib/gcc/nios2-elf/10.3.1/../../../../../H-x86_64-mingw32/nios2-elf/lib\libc.a(lib_a-strncmp.o)
                0x0000000000055a1c                strncmp
 .text          0x0000000000055aec        0x0 d:/intel_fpga/nios2eds/bin/gnu/h-x86_64-mingw32/bin/../lib/gcc/nios2-elf/10.3.1/../../../../../H-x86_64-mingw32/nios2-elf/lib\libc.a(lib_a-vfiprintfr_1.o)
 .text._vfiprintf_r
                0x0000000000055aec        0x4 d:/intel_fpga/nios2eds/bin/gnu/h-x86_64-mingw32/bin/../lib/gcc/nios2-elf/10.3.1/../../../../../H-x86_64-mingw32/nios2-elf/lib\libc.a(lib_a-vfiprintfr_1.o)
                0x0000000000055aec                _vfiprintf_r
 .text          0x0000000000055af0        0x0 d:/intel_fpga/nios2eds/bin/gnu/h-x86_64-mingw32/bin/../lib/gcc/nios2-elf/10.3.1/../../../../../H-x86_64-mingw32/nios2-elf/lib\libc.a(lib_a-wbuf.o)
 .text.__swbuf_r
                0x0000000000055af0      0x148 d:/intel_fpga/nios2eds/bin/gnu/h-x86_64-mingw32/bin/../lib/gcc/nios2-elf/10.3.1/../../../../../H-x86_64-mingw32/nios2-elf/lib\libc.a(lib_a-wbuf.o)
                0x0000000000055af0                __swbuf_r
 .text.__swbuf  0x0000000000055c38       0x18 d:/intel_fpga/nios2eds/bin/gnu/h-x86_64-mingw32/bin/../lib/gcc/nios2-elf/10.3.1/../../../../../H-x86_64-mingw32/nios2-elf/lib\libc.a(lib_a-wbuf.o)
                0x0000000000055c38                __swbuf
 .text          0x0000000000055c50        0x0 d:/intel_fpga/nios2eds/bin/gnu/h-x86_64-mingw32/bin/../lib/gcc/nios2-elf/10.3.1/../../../../../H-x86_64-mingw32/nios2-elf/lib\libc.a(lib_a-wcrtomb.o)
 .text._wcrtomb_r
                0x0000000000055c50       0x6c d:/intel_fpga/nios2eds/bin/gnu/h-x86_64-mingw32/bin/../lib/gcc/nios2-elf/10.3.1/../../../../../H-x86_64-mingw32/nios2-elf/lib\libc.a(lib_a-wcrtomb.o)
                0x0000000000055c50                _wcrtomb_r
 .text.wcrtomb  0x0000000000055cbc       0x88 d:/intel_fpga/nios2eds/bin/gnu/h-x86_64-mingw32/bin/../lib/gcc/nios2-elf/10.3.1/../../../../../H-x86_64-mingw32/nios2-elf/lib\libc.a(lib_a-wcrtomb.o)
                0x0000000000055cbc                wcrtomb
 .text          0x0000000000055d44        0x0 d:/intel_fpga/nios2eds/bin/gnu/h-x86_64-mingw32/bin/../lib/gcc/nios2-elf/10.3.1/../../../../../H-x86_64-mingw32/nios2-elf/lib\libc.a(lib_a-abort.o)
 .text.unlikely.abort
                0x0000000000055d44       0x18 d:/intel_fpga/nios2eds/bin/gnu/h-x86_64-mingw32/bin/../lib/gcc/nios2-elf/10.3.1/../../../../../H-x86_64-mingw32/nios2-elf/lib\libc.a(lib_a-abort.o)
                0x0000000000055d44                abort
 .text          0x0000000000055d5c        0x0 d:/intel_fpga/nios2eds/bin/gnu/h-x86_64-mingw32/bin/../lib/gcc/nios2-elf/10.3.1/../../../../../H-x86_64-mingw32/nios2-elf/lib\libc.a(lib_a-signal.o)
 .text._init_signal_r
                0x0000000000055d5c       0x5c d:/intel_fpga/nios2eds/bin/gnu/h-x86_64-mingw32/bin/../lib/gcc/nios2-elf/10.3.1/../../../../../H-x86_64-mingw32/nios2-elf/lib\libc.a(lib_a-signal.o)
                0x0000000000055d5c                _init_signal_r
 .text._signal_r
                0x0000000000055db8       0x98 d:/intel_fpga/nios2eds/bin/gnu/h-x86_64-mingw32/bin/../lib/gcc/nios2-elf/10.3.1/../../../../../H-x86_64-mingw32/nios2-elf/lib\libc.a(lib_a-signal.o)
                0x0000000000055db8                _signal_r
 .text._raise_r
                0x0000000000055e50       0xc4 d:/intel_fpga/nios2eds/bin/gnu/h-x86_64-mingw32/bin/../lib/gcc/nios2-elf/10.3.1/../../../../../H-x86_64-mingw32/nios2-elf/lib\libc.a(lib_a-signal.o)
                0x0000000000055e50                _raise_r
 .text.__sigtramp_r
                0x0000000000055f14       0xbc d:/intel_fpga/nios2eds/bin/gnu/h-x86_64-mingw32/bin/../lib/gcc/nios2-elf/10.3.1/../../../../../H-x86_64-mingw32/nios2-elf/lib\libc.a(lib_a-signal.o)
                0x0000000000055f14                __sigtramp_r
 .text.raise    0x0000000000055fd0       0xbc d:/intel_fpga/nios2eds/bin/gnu/h-x86_64-mingw32/bin/../lib/gcc/nios2-elf/10.3.1/../../../../../H-x86_64-mingw32/nios2-elf/lib\libc.a(lib_a-signal.o)
                0x0000000000055fd0                raise
 .text.signal   0x000000000005608c       0xa0 d:/intel_fpga/nios2eds/bin/gnu/h-x86_64-mingw32/bin/../lib/gcc/nios2-elf/10.3.1/../../../../../H-x86_64-mingw32/nios2-elf/lib\libc.a(lib_a-signal.o)
                0x000000000005608c                signal
 .text._init_signal
                0x000000000005612c       0x60 d:/intel_fpga/nios2eds/bin/gnu/h-x86_64-mingw32/bin/../lib/gcc/nios2-elf/10.3.1/../../../../../H-x86_64-mingw32/nios2-elf/lib\libc.a(lib_a-signal.o)
                0x000000000005612c                _init_signal
 .text.__sigtramp
                0x000000000005618c       0xbc d:/intel_fpga/nios2eds/bin/gnu/h-x86_64-mingw32/bin/../lib/gcc/nios2-elf/10.3.1/../../../../../H-x86_64-mingw32/nios2-elf/lib\libc.a(lib_a-signal.o)
                0x000000000005618c                __sigtramp
 .text          0x0000000000056248        0x0 d:/intel_fpga/nios2eds/bin/gnu/h-x86_64-mingw32/bin/../lib/gcc/nios2-elf/10.3.1/../../../../../H-x86_64-mingw32/nios2-elf/lib\libc.a(lib_a-signalr.o)
 .text._kill_r  0x0000000000056248       0x60 d:/intel_fpga/nios2eds/bin/gnu/h-x86_64-mingw32/bin/../lib/gcc/nios2-elf/10.3.1/../../../../../H-x86_64-mingw32/nios2-elf/lib\libc.a(lib_a-signalr.o)
                0x0000000000056248                _kill_r
 .text._getpid_r
                0x00000000000562a8        0x4 d:/intel_fpga/nios2eds/bin/gnu/h-x86_64-mingw32/bin/../lib/gcc/nios2-elf/10.3.1/../../../../../H-x86_64-mingw32/nios2-elf/lib\libc.a(lib_a-signalr.o)
                0x00000000000562a8                _getpid_r
 .text          0x00000000000562ac       0x60 d:/intel_fpga/nios2eds/bin/gnu/h-x86_64-mingw32/bin/../lib/gcc/nios2-elf/10.3.1\libgcc.a(_muldi3.o)
                0x00000000000562ac                __muldi3
 .text          0x000000000005630c       0x74 d:/intel_fpga/nios2eds/bin/gnu/h-x86_64-mingw32/bin/../lib/gcc/nios2-elf/10.3.1\libgcc.a(_fixunsdfsi.o)
                0x000000000005630c                __fixunsdfsi
 .text          0x0000000000056380       0x74 d:/intel_fpga/nios2eds/bin/gnu/h-x86_64-mingw32/bin/../lib/gcc/nios2-elf/10.3.1\libgcc.a(_fixdfdi.o)
                0x0000000000056380                __fixdfdi
 .text          0x00000000000563f4       0x90 d:/intel_fpga/nios2eds/bin/gnu/h-x86_64-mingw32/bin/../lib/gcc/nios2-elf/10.3.1\libgcc.a(_fixunsdfdi.o)
                0x00000000000563f4                __fixunsdfdi
 .text          0x0000000000056484       0x70 d:/intel_fpga/nios2eds/bin/gnu/h-x86_64-mingw32/bin/../lib/gcc/nios2-elf/10.3.1\libgcc.a(_floatdidf.o)
                0x0000000000056484                __floatdidf
 .text          0x00000000000564f4      0x590 d:/intel_fpga/nios2eds/bin/gnu/h-x86_64-mingw32/bin/../lib/gcc/nios2-elf/10.3.1\libgcc.a(_udivdi3.o)
                0x00000000000564f4                __udivdi3
 .text          0x0000000000056a84      0x534 d:/intel_fpga/nios2eds/bin/gnu/h-x86_64-mingw32/bin/../lib/gcc/nios2-elf/10.3.1\libgcc.a(_umoddi3.o)
                0x0000000000056a84                __umoddi3
 .text          0x0000000000056fb8      0x1b4 d:/intel_fpga/nios2eds/bin/gnu/h-x86_64-mingw32/bin/../lib/gcc/nios2-elf/10.3.1\libgcc.a(lib2-divmod.o)
                0x0000000000056fb8                __divsi3
                0x0000000000057038                __modsi3
                0x00000000000570ac                __udivsi3
                0x0000000000057110                __umodsi3
 .text          0x000000000005716c       0xb4 d:/intel_fpga/nios2eds/bin/gnu/h-x86_64-mingw32/bin/../lib/gcc/nios2-elf/10.3.1\libgcc.a(lesf2.o)
                0x000000000005716c                __ltsf2
                0x000000000005716c                __lesf2
 .text          0x0000000000057220       0x4c d:/intel_fpga/nios2eds/bin/gnu/h-x86_64-mingw32/bin/../lib/gcc/nios2-elf/10.3.1\libgcc.a(unordsf2.o)
                0x0000000000057220                __unordsf2
 .text          0x000000000005726c      0x8f0 d:/intel_fpga/nios2eds/bin/gnu/h-x86_64-mingw32/bin/../lib/gcc/nios2-elf/10.3.1\libgcc.a(adddf3.o)
                0x000000000005726c                __adddf3
 .text          0x0000000000057b5c      0x850 d:/intel_fpga/nios2eds/bin/gnu/h-x86_64-mingw32/bin/../lib/gcc/nios2-elf/10.3.1\libgcc.a(divdf3.o)
                0x0000000000057b5c                __divdf3
 .text          0x00000000000583ac       0x80 d:/intel_fpga/nios2eds/bin/gnu/h-x86_64-mingw32/bin/../lib/gcc/nios2-elf/10.3.1\libgcc.a(eqdf2.o)
                0x00000000000583ac                __nedf2
                0x00000000000583ac                __eqdf2
 .text          0x000000000005842c       0xe8 d:/intel_fpga/nios2eds/bin/gnu/h-x86_64-mingw32/bin/../lib/gcc/nios2-elf/10.3.1\libgcc.a(gedf2.o)
                0x000000000005842c                __gedf2
                0x000000000005842c                __gtdf2
 .text          0x0000000000058514       0xe8 d:/intel_fpga/nios2eds/bin/gnu/h-x86_64-mingw32/bin/../lib/gcc/nios2-elf/10.3.1\libgcc.a(ledf2.o)
                0x0000000000058514                __ledf2
                0x0000000000058514                __ltdf2
 .text          0x00000000000585fc      0x674 d:/intel_fpga/nios2eds/bin/gnu/h-x86_64-mingw32/bin/../lib/gcc/nios2-elf/10.3.1\libgcc.a(muldf3.o)
                0x00000000000585fc                __muldf3
 .text          0x0000000000058c70      0x90c d:/intel_fpga/nios2eds/bin/gnu/h-x86_64-mingw32/bin/../lib/gcc/nios2-elf/10.3.1\libgcc.a(subdf3.o)
                0x0000000000058c70                __subdf3
 .text          0x000000000005957c       0x54 d:/intel_fpga/nios2eds/bin/gnu/h-x86_64-mingw32/bin/../lib/gcc/nios2-elf/10.3.1\libgcc.a(unorddf2.o)
                0x000000000005957c                __unorddf2
 .text          0x00000000000595d0       0x80 d:/intel_fpga/nios2eds/bin/gnu/h-x86_64-mingw32/bin/../lib/gcc/nios2-elf/10.3.1\libgcc.a(fixdfsi.o)
                0x00000000000595d0                __fixdfsi
 .text          0x0000000000059650       0xb8 d:/intel_fpga/nios2eds/bin/gnu/h-x86_64-mingw32/bin/../lib/gcc/nios2-elf/10.3.1\libgcc.a(floatsidf.o)
                0x0000000000059650                __floatsidf
 .text          0x0000000000059708       0x90 d:/intel_fpga/nios2eds/bin/gnu/h-x86_64-mingw32/bin/../lib/gcc/nios2-elf/10.3.1\libgcc.a(floatunsidf.o)
                0x0000000000059708                __floatunsidf
 .text          0x0000000000059798      0x170 d:/intel_fpga/nios2eds/bin/gnu/h-x86_64-mingw32/bin/../lib/gcc/nios2-elf/10.3.1\libgcc.a(truncdfsf2.o)
                0x0000000000059798                __truncdfsf2
 .text          0x0000000000059908        0x0 d:/intel_fpga/nios2eds/bin/gnu/h-x86_64-mingw32/bin/../lib/gcc/nios2-elf/10.3.1\libgcc.a(_clz.o)
 .text          0x0000000000059908       0x54 d:/intel_fpga/nios2eds/bin/gnu/h-x86_64-mingw32/bin/../lib/gcc/nios2-elf/10.3.1\libgcc.a(_clzsi2.o)
                0x0000000000059908                __clzsi2
 .text          0x000000000005995c      0x10c d:/Downloads/RFS/DE10_Nano_WiFi_Web_Server/software/ewaff_server_bsp/\libhal_bsp.a(alt_close.o)
                0x0000000000059998                close
 .text          0x0000000000059a68       0x2c d:/Downloads/RFS/DE10_Nano_WiFi_Web_Server/software/ewaff_server_bsp/\libhal_bsp.a(alt_dev.o)
 .text          0x0000000000059a94        0x0 d:/Downloads/RFS/DE10_Nano_WiFi_Web_Server/software/ewaff_server_bsp/\libhal_bsp.a(alt_errno.o)
 .text          0x0000000000059a94       0x38 d:/Downloads/RFS/DE10_Nano_WiFi_Web_Server/software/ewaff_server_bsp/\libhal_bsp.a(alt_exit.o)
                0x0000000000059a94                _exit
 .text          0x0000000000059acc      0x160 d:/Downloads/RFS/DE10_Nano_WiFi_Web_Server/software/ewaff_server_bsp/\libhal_bsp.a(alt_fcntl.o)
                0x0000000000059b08                fcntl
 .text          0x0000000000059c2c       0xec d:/Downloads/RFS/DE10_Nano_WiFi_Web_Server/software/ewaff_server_bsp/\libhal_bsp.a(alt_fstat.o)
                0x0000000000059c68                fstat
 .text          0x0000000000059d18       0x20 d:/Downloads/RFS/DE10_Nano_WiFi_Web_Server/software/ewaff_server_bsp/\libhal_bsp.a(alt_getpid.o)
                0x0000000000059d18                getpid
 .text          0x0000000000059d38       0xe0 d:/Downloads/RFS/DE10_Nano_WiFi_Web_Server/software/ewaff_server_bsp/\libhal_bsp.a(alt_isatty.o)
                0x0000000000059d74                isatty
 .text          0x0000000000059e18      0x168 d:/Downloads/RFS/DE10_Nano_WiFi_Web_Server/software/ewaff_server_bsp/\libhal_bsp.a(alt_kill.o)
                0x0000000000059e54                kill
 .text          0x0000000000059f80       0xec d:/Downloads/RFS/DE10_Nano_WiFi_Web_Server/software/ewaff_server_bsp/\libhal_bsp.a(alt_load.o)
                0x0000000000059fe8                alt_load
 .text          0x000000000005a06c      0x110 d:/Downloads/RFS/DE10_Nano_WiFi_Web_Server/software/ewaff_server_bsp/\libhal_bsp.a(alt_lseek.o)
                0x000000000005a0a8                lseek
 .text          0x000000000005a17c       0x7c d:/Downloads/RFS/DE10_Nano_WiFi_Web_Server/software/ewaff_server_bsp/\libhal_bsp.a(alt_main.o)
                0x000000000005a17c                alt_main
 .text          0x000000000005a1f8       0x48 d:/Downloads/RFS/DE10_Nano_WiFi_Web_Server/software/ewaff_server_bsp/\libhal_bsp.a(alt_malloc_lock.o)
                0x000000000005a1f8                __malloc_lock
                0x000000000005a21c                __malloc_unlock
 .text          0x000000000005a240      0x248 d:/Downloads/RFS/DE10_Nano_WiFi_Web_Server/software/ewaff_server_bsp/\libhal_bsp.a(alt_open.o)
                0x000000000005a334                open
 .text          0x000000000005a488      0x138 d:/Downloads/RFS/DE10_Nano_WiFi_Web_Server/software/ewaff_server_bsp/\libhal_bsp.a(alt_read.o)
                0x000000000005a4c4                read
 .text          0x000000000005a5c0       0x58 d:/Downloads/RFS/DE10_Nano_WiFi_Web_Server/software/ewaff_server_bsp/\libhal_bsp.a(alt_release_fd.o)
                0x000000000005a5c0                alt_release_fd
 .text          0x000000000005a618       0xb8 d:/Downloads/RFS/DE10_Nano_WiFi_Web_Server/software/ewaff_server_bsp/\libhal_bsp.a(alt_sbrk.o)
                0x000000000005a618                sbrk
 .text          0x000000000005a6d0       0x30 d:/Downloads/RFS/DE10_Nano_WiFi_Web_Server/software/ewaff_server_bsp/\libhal_bsp.a(alt_usleep.o)
                0x000000000005a6d0                usleep
 .text          0x000000000005a700      0x134 d:/Downloads/RFS/DE10_Nano_WiFi_Web_Server/software/ewaff_server_bsp/\libhal_bsp.a(alt_write.o)
                0x000000000005a73c                write
 .text          0x000000000005a834       0xf4 d:/Downloads/RFS/DE10_Nano_WiFi_Web_Server/software/ewaff_server_bsp/\libhal_bsp.a(alt_sys_init.o)
                0x000000000005a868                alt_irq_init
                0x000000000005a8a4                alt_sys_init
 .text          0x000000000005a928      0x164 d:/Downloads/RFS/DE10_Nano_WiFi_Web_Server/software/ewaff_server_bsp/\libhal_bsp.a(altera_avalon_jtag_uart_fd.o)
                0x000000000005a928                altera_avalon_jtag_uart_read_fd
                0x000000000005a988                altera_avalon_jtag_uart_write_fd
                0x000000000005a9e8                altera_avalon_jtag_uart_close_fd
                0x000000000005aa38                altera_avalon_jtag_uart_ioctl_fd
 .text          0x000000000005aa8c      0x3d4 d:/Downloads/RFS/DE10_Nano_WiFi_Web_Server/software/ewaff_server_bsp/\libhal_bsp.a(altera_avalon_jtag_uart_init.o)
                0x000000000005aa8c                altera_avalon_jtag_uart_init
                0x000000000005adf8                altera_avalon_jtag_uart_close
 .text          0x000000000005ae60       0xf4 d:/Downloads/RFS/DE10_Nano_WiFi_Web_Server/software/ewaff_server_bsp/\libhal_bsp.a(altera_avalon_jtag_uart_ioctl.o)
                0x000000000005ae60                altera_avalon_jtag_uart_ioctl
 .text          0x000000000005af54      0x220 d:/Downloads/RFS/DE10_Nano_WiFi_Web_Server/software/ewaff_server_bsp/\libhal_bsp.a(altera_avalon_jtag_uart_read.o)
                0x000000000005af54                altera_avalon_jtag_uart_read
 .text          0x000000000005b174      0x228 d:/Downloads/RFS/DE10_Nano_WiFi_Web_Server/software/ewaff_server_bsp/\libhal_bsp.a(altera_avalon_jtag_uart_write.o)
                0x000000000005b174                altera_avalon_jtag_uart_write
 .text          0x000000000005b39c      0x100 d:/Downloads/RFS/DE10_Nano_WiFi_Web_Server/software/ewaff_server_bsp/\libhal_bsp.a(altera_avalon_timer_sc.o)
                0x000000000005b418                alt_avalon_timer_sc_init
 .text          0x000000000005b49c      0x110 d:/Downloads/RFS/DE10_Nano_WiFi_Web_Server/software/ewaff_server_bsp/\libhal_bsp.a(altera_avalon_uart_fd.o)
                0x000000000005b49c                altera_avalon_uart_read_fd
                0x000000000005b4fc                altera_avalon_uart_write_fd
                0x000000000005b55c                altera_avalon_uart_close_fd
 .text          0x000000000005b5ac      0x3c0 d:/Downloads/RFS/DE10_Nano_WiFi_Web_Server/software/ewaff_server_bsp/\libhal_bsp.a(altera_avalon_uart_init.o)
                0x000000000005b5ac                altera_avalon_uart_init
                0x000000000005b918                altera_avalon_uart_close
 .text          0x000000000005b96c      0x224 d:/Downloads/RFS/DE10_Nano_WiFi_Web_Server/software/ewaff_server_bsp/\libhal_bsp.a(altera_avalon_uart_read.o)
                0x000000000005b9a8                altera_avalon_uart_read
 .text          0x000000000005bb90      0x1f0 d:/Downloads/RFS/DE10_Nano_WiFi_Web_Server/software/ewaff_server_bsp/\libhal_bsp.a(altera_avalon_uart_write.o)
                0x000000000005bbcc                altera_avalon_uart_write
 .text          0x000000000005bd80      0x160 d:/Downloads/RFS/DE10_Nano_WiFi_Web_Server/software/ewaff_server_bsp/\libhal_bsp.a(alt_alarm_start.o)
                0x000000000005bd80                alt_alarm_start
 .text          0x000000000005bee0      0x158 d:/Downloads/RFS/DE10_Nano_WiFi_Web_Server/software/ewaff_server_bsp/\libhal_bsp.a(alt_busy_sleep.o)
                0x000000000005bee0                alt_busy_sleep
 .text          0x000000000005c038       0x4c d:/Downloads/RFS/DE10_Nano_WiFi_Web_Server/software/ewaff_server_bsp/\libhal_bsp.a(alt_dcache_flush_all.o)
                0x000000000005c038                alt_dcache_flush_all
 .text          0x000000000005c084       0xe4 d:/Downloads/RFS/DE10_Nano_WiFi_Web_Server/software/ewaff_server_bsp/\libhal_bsp.a(alt_dev_llist_insert.o)
                0x000000000005c0c0                alt_dev_llist_insert
 .text          0x000000000005c168       0x64 d:/Downloads/RFS/DE10_Nano_WiFi_Web_Server/software/ewaff_server_bsp/\libhal_bsp.a(alt_do_ctors.o)
                0x000000000005c168                _do_ctors
 .text          0x000000000005c1cc       0x64 d:/Downloads/RFS/DE10_Nano_WiFi_Web_Server/software/ewaff_server_bsp/\libhal_bsp.a(alt_do_dtors.o)
                0x000000000005c1cc                _do_dtors
 .text          0x000000000005c230       0x90 d:/Downloads/RFS/DE10_Nano_WiFi_Web_Server/software/ewaff_server_bsp/\libhal_bsp.a(alt_find_dev.o)
                0x000000000005c230                alt_find_dev
 .text          0x000000000005c2c0      0x108 d:/Downloads/RFS/DE10_Nano_WiFi_Web_Server/software/ewaff_server_bsp/\libhal_bsp.a(alt_find_file.o)
                0x000000000005c2c0                alt_find_file
 .text          0x000000000005c3c8       0xa0 d:/Downloads/RFS/DE10_Nano_WiFi_Web_Server/software/ewaff_server_bsp/\libhal_bsp.a(alt_get_fd.o)
                0x000000000005c3c8                alt_get_fd
 .text          0x000000000005c468       0x34 d:/Downloads/RFS/DE10_Nano_WiFi_Web_Server/software/ewaff_server_bsp/\libhal_bsp.a(alt_icache_flush_all.o)
                0x000000000005c468                alt_icache_flush_all
 .text          0x000000000005c49c      0x1b0 d:/Downloads/RFS/DE10_Nano_WiFi_Web_Server/software/ewaff_server_bsp/\libhal_bsp.a(alt_iic.o)
                0x000000000005c49c                alt_ic_isr_register
                0x000000000005c4ec                alt_ic_irq_enable
                0x000000000005c574                alt_ic_irq_disable
                0x000000000005c600                alt_ic_irq_enabled
 .text          0x000000000005c64c       0xe8 d:/Downloads/RFS/DE10_Nano_WiFi_Web_Server/software/ewaff_server_bsp/\libhal_bsp.a(alt_iic_isr_register.o)
                0x000000000005c64c                alt_iic_isr_register
 .text          0x000000000005c734      0x12c d:/Downloads/RFS/DE10_Nano_WiFi_Web_Server/software/ewaff_server_bsp/\libhal_bsp.a(alt_io_redirect.o)
                0x000000000005c7e4                alt_io_redirect
 .text          0x000000000005c860        0x0 d:/Downloads/RFS/DE10_Nano_WiFi_Web_Server/software/ewaff_server_bsp/\libhal_bsp.a(alt_irq_entry.o)
 .text          0x000000000005c860        0x0 d:/Downloads/RFS/DE10_Nano_WiFi_Web_Server/software/ewaff_server_bsp/\libhal_bsp.a(alt_irq_handler.o)
 .text          0x000000000005c860        0x0 d:/Downloads/RFS/DE10_Nano_WiFi_Web_Server/software/ewaff_server_bsp/\libhal_bsp.a(alt_irq_vars.o)
 .text          0x000000000005c860      0x1d0 d:/Downloads/RFS/DE10_Nano_WiFi_Web_Server/software/ewaff_server_bsp/\libhal_bsp.a(alt_tick.o)
                0x000000000005c860                alt_alarm_stop
                0x000000000005c904                alt_tick
 .text          0x000000000005ca30       0x24 d:/Downloads/RFS/DE10_Nano_WiFi_Web_Server/software/ewaff_server_bsp/\libhal_bsp.a(altera_nios2_gen2_irq.o)
                0x000000000005ca30                altera_nios2_gen2_irq_init
 .text          0x000000000005ca54        0x0 d:/Downloads/RFS/DE10_Nano_WiFi_Web_Server/software/ewaff_server_bsp/\libhal_bsp.a(alt_exception_entry.o)
 .text          0x000000000005ca54       0x90 d:/Downloads/RFS/DE10_Nano_WiFi_Web_Server/software/ewaff_server_bsp/\libhal_bsp.a(alt_icache_flush.o)
                0x000000000005ca54                alt_icache_flush
 .text          0x000000000005cae4       0x98 d:/Downloads/RFS/DE10_Nano_WiFi_Web_Server/software/ewaff_server_bsp/\libhal_bsp.a(alt_instruction_exception_entry.o)
                0x000000000005cae4                alt_exception_cause_generated_bad_addr
 .text          0x000000000005cb7c        0x0 d:/intel_fpga/nios2eds/bin/gnu/h-x86_64-mingw32/bin/../lib/gcc/nios2-elf/10.3.1/../../../../../H-x86_64-mingw32/nios2-elf/lib\libc.a(lib_a-atexit.o)
 .text.atexit   0x000000000005cb7c       0x14 d:/intel_fpga/nios2eds/bin/gnu/h-x86_64-mingw32/bin/../lib/gcc/nios2-elf/10.3.1/../../../../../H-x86_64-mingw32/nios2-elf/lib\libc.a(lib_a-atexit.o)
                0x000000000005cb7c                atexit
 .text          0x000000000005cb90        0x0 d:/intel_fpga/nios2eds/bin/gnu/h-x86_64-mingw32/bin/../lib/gcc/nios2-elf/10.3.1/../../../../../H-x86_64-mingw32/nios2-elf/lib\libc.a(lib_a-exit.o)
 .text.exit     0x000000000005cb90       0x34 d:/intel_fpga/nios2eds/bin/gnu/h-x86_64-mingw32/bin/../lib/gcc/nios2-elf/10.3.1/../../../../../H-x86_64-mingw32/nios2-elf/lib\libc.a(lib_a-exit.o)
                0x000000000005cb90                exit
 .text          0x000000000005cbc4        0x0 d:/intel_fpga/nios2eds/bin/gnu/h-x86_64-mingw32/bin/../lib/gcc/nios2-elf/10.3.1/../../../../../H-x86_64-mingw32/nios2-elf/lib\libc.a(lib_a-__atexit.o)
 .text.__register_exitproc
                0x000000000005cbc4       0x90 d:/intel_fpga/nios2eds/bin/gnu/h-x86_64-mingw32/bin/../lib/gcc/nios2-elf/10.3.1/../../../../../H-x86_64-mingw32/nios2-elf/lib\libc.a(lib_a-__atexit.o)
                0x000000000005cbc4                __register_exitproc
 .text          0x000000000005cc54        0x0 d:/intel_fpga/nios2eds/bin/gnu/h-x86_64-mingw32/bin/../lib/gcc/nios2-elf/10.3.1/../../../../../H-x86_64-mingw32/nios2-elf/lib\libc.a(lib_a-__call_atexit.o)
 .text.__call_exitprocs